Microchip MPLAB XC8 Compiler V2.32

Linker command line:

-W-3 --edf=/opt/microchip/xc8/v2.32/pic/dat/en_msgs.txt -pivt0x808=0808h \
  -cn -h+dist/default/production/ValveControl.X.production.sym \
  --cmf=dist/default/production/ValveControl.X.production.cmf -z -Q18F16Q41 \
  -o/tmp/xcXBboEoN --defsym=__MPLAB_BUILD=1 \
  -Mdist/default/production/ValveControl.X.production.map -E1 \
  -ver=XC8 Compiler --acfsm=1493 -ASTACK=0900h-015FFh -pstack=STACK \
  -ACODE=0800h-0FFFFh -ACONST=0800h-0FFFFh -ASMALLCONST=01600h-016FFhx234 \
  -AMEDIUMCONST=01600h-0FFFFh -ACOMRAM=0501h-055Fh -AABS1=0500h-015FFh \
  -ABIGRAM=0501h-015FFh -ARAM=0560h-05FFh,0600h-06FFhx16 \
  -ABANK5=0560h-05FFh -ABANK6=0600h-06FFh -ABANK7=0700h-07FFh \
  -ABANK8=0800h-08FFh -ABANK9=0900h-09FFh -ABANK10=0A00h-0AFFh \
  -ABANK11=0B00h-0BFFh -ABANK12=0C00h-0CFFh -ABANK13=0D00h-0DFFh \
  -ABANK14=0E00h-0EFFh -ABANK15=0F00h-0FFFh -ABANK16=01000h-010FFh \
  -ABANK17=01100h-011FFh -ABANK18=01200h-012FFh -ABANK19=01300h-013FFh \
  -ABANK20=01400h-014FFh -ABANK21=01500h-015FFh \
  -ASFR=00h-0FFhx4,0400h-045Fh,0460h-04FFh -ACONFIG=0300000h-0300011h \
  -AIDLOC=0200000h-020001Fh -AEEDATA=0380000h-03803FFh -peeprom_data=EEDATA \
  -preset_vec=0800h -ppowerup=CODE,init -pramtop=01600h \
  -psmallconst=SMALLCONST -pmediumconst=MEDIUMCONST -pconst=CONST \
  -AFARRAM=00h-00h \
  -prdata=COMRAM,nvrram=COMRAM,nvbit=COMRAM,rbss=COMRAM,rbit=COMRAM \
  -pfarbss=FARRAM,fardata=FARRAM,nvFARRAM=FARRAM \
  -pintsave_regs=BIGRAM,bigbss=BIGRAM,bigdata=BIGRAM -pbss=RAM \
  -pidata=CODE,irdata=CODE,ibigdata=CODE,ifardata=CODE -prparam=COMRAM \
  /tmp/xcXIoNFjK.o dist/default/production/ValveControl.X.production.o 

Object code version is 3.11

Machine type is 18F16Q41



                Name                               Link     Load   Length Selector   Space Scale
/tmp/xcXIoNFjK.o
                config                           300000   300000        A        0       4
                init                                8BA      8BA        4      404       0
                reset_vec                           800      800        4      400       0
dist/default/production/ValveControl.X.production.o
                eeprom_data                      380000   380000        8   380000       0
                config                           300000   300000        A        0       4
                mediumconst                        FE9E     FE9E      162     7F4F       0
                ivt0x808                            808      808       B2      404       0
                text93                             8AEE     8AEE       4E     2129       0
                text92                             9142     9142       1A     2436       0
                text91                             9002     9002       28     2129       0
                text90                             80B0     80B0       9A     199A       0
                text89                             81E2     81E2       98     199A       0
                text88                             88DE     88DE       6A     2129       0
                text87                             6668     6668      1E2     199A       0
                text86                             8F88     8F88       2A     2129       0
                text85                             84A4     84A4       8A     2129       0
                text84                             918C     918C        4     48BF       0
                text83                             9188     9188        4     48BF       0
                text82                             9098     9098       22     2426       0
                text81                             90D8     90D8       1C     2436       0
                text80                             9184     9184        4     48BF       0
                text79                             8F5E     8F5E       2A     2129       0
                text78                             8EAA     8EAA       30     2129       0
                text77                             8D6E     8D6E       3E     2129       0
                text76                             684A     684A      1D2     199A       0
                text75                             7608     7608      148     199A       0
                text74                             7890     7890      124     199A       0
                text73                             8E18     8E18       32     2129       0
                text72                             8FDA     8FDA       28     2129       0
                text71                             7ECA     7ECA       AE     199A       0
                text70                             8DAC     8DAC       38     2129       0
                text69                             8C64     8C64       48     2129       0
                text68                             8014     8014       9C     199A       0
                text67                             6006     6006      246      404       0
                text66                             74BA     74BA      14E     199A       0
                text65                             7C9A     7C9A       CE     199A       0
                text64                             7E1C     7E1C       AE     199A       0
                text63                             6A1C     6A1C      1B0     199A       0
                text62                             8DE4     8DE4       34     2129       0
                text61                             8E7A     8E7A       30     2129       0
                text60                             8E4A     8E4A       30     2129       0
                text59                             8BD2     8BD2       4A     2129       0
                text58                             624C     624C      232      404       0
                text57                             46C6     46C6      71A      404       0
                text56                             879C     879C       6E     2129       0
                text55                             902A     902A       26     2129       0
                text54                             8A4E     8A4E       52     2129       0
                text53                             917E     917E        6     48BF       0
                text52                             8418     8418       8A     199A       0
                text51                             862C     862C       7C     2129       0
                text50                             85B0     85B0       7C     2129       0
                text49                             5D7E     5D7E      288      404       0
                text48                             838E     838E       8A     199A       0
                text47                             7BCA     7BCA       D0     199A       0
                text46                             572A     572A      350      404       0
                text45                             8EDA     8EDA       2E     2129       0
                text44                             89A4     89A4       56     2129       0
                text43                             7750     7750      140     199A       0
                text42                             8948     8948       5C     2129       0
                text41                             9074     9074       22     2129       0
                text40                             392C     392C      D9A      404       0
                text39                             647E     647E      1E8      404       0
                text38                             79B4     79B4      110     199A       0
                text37                             8304     8304       8A     199A       0
                text36                             532E     532E      3FC      404       0
                text35                             8CEE     8CEE       42     2129       0
                text34                             6D74     6D74      1A8     199A       0
                text33                             8CAC     8CAC       42     2129       0
                text32                             7094     7094      16C     199A       0
                text31                             7368     7368      152     199A       0
                text30                             6BCC     6BCC      1A8     199A       0
                text29                             7200     7200      168     199A       0
                text28                             7AC4     7AC4      106     199A       0
                text27                             8B3C     8B3C       4C     2129       0
                text26                              8BE      8BE     306E      404       0
                text25                             827A     827A       8A     199A       0
                text24                             8C1C     8C1C       48     2129       0
                text23                             8D30     8D30       3E     2129       0
                text22                             7F78     7F78       9C     199A       0
                text21                             4DE0     4DE0      54E      404       0
                text20                             852E     852E       82     2129       0
                text19                             8AA0     8AA0       4E     2129       0
                text18                             9128     9128       1A     2436       0
                text17                             8FB2     8FB2       28     2129       0
                text16                             7D68     7D68       B4     199A       0
                text15                             814A     814A       98     199A       0
                text14                             8874     8874       6A     2129       0
                text13                             8F08     8F08       2C     2129       0
                text12                             910E     910E       1A     2436       0
                text11                             9190     9190        2     48BF       0
                text10                             90BA     90BA       1C     2426       0
                text9                              880A     880A       6A     2129       0
                text8                              915C     915C       18     2436       0
                text7                              8B88     8B88       4A     2129       0
                text6                              90F4     90F4       1A     2436       0
                text5                              8F34     8F34       2A     2129       0
                text4                              9050     9050       24     2129       0
                text3                              8722     8722       7A     2129       0
                text2                              6F1C     6F1C      178     199A       0
                text1                              89FA     89FA       54     2129       0
                text0                              5A7A     5A7A      304      404       0
                cstackCOMRAM                        501      501       2C      501       1
                cstackBANK5                         560      560       9B      560       1
                cstackBANK6                         6BB      6BB       2A      600       1
                bssBANK8                            800      800      100      800       1
                bssBANK7                            700      700       50      700       1
                dataBANK6                           6E5      6E5        9      600       1
                bssBANK6                            600      600       BB      600       1
                bssBANK5                            5FB      5FB        4      560       1
                bssCOMRAM                           52D      52D       19      501       1
                cinit                              86A8     86A8       7A     2129       0
                idataBANK6                         9174     9174        9     2436       0

TOTAL           Name                               Link     Load   Length     Space
        CLASS   STACK          

        CLASS   CODE           
                init                                8BA      8BA        4         0
                reset_vec                           800      800        4         0
                ivt0x808                            808      808       B2         0
                text93                             8AEE     8AEE       4E         0
                text92                             9142     9142       1A         0
                text91                             9002     9002       28         0
                text90                             80B0     80B0       9A         0
                text89                             81E2     81E2       98         0
                text88                             88DE     88DE       6A         0
                text87                             6668     6668      1E2         0
                text86                             8F88     8F88       2A         0
                text85                             84A4     84A4       8A         0
                text84                             918C     918C        4         0
                text83                             9188     9188        4         0
                text82                             9098     9098       22         0
                text81                             90D8     90D8       1C         0
                text80                             9184     9184        4         0
                text79                             8F5E     8F5E       2A         0
                text78                             8EAA     8EAA       30         0
                text77                             8D6E     8D6E       3E         0
                text76                             684A     684A      1D2         0
                text75                             7608     7608      148         0
                text74                             7890     7890      124         0
                text73                             8E18     8E18       32         0
                text72                             8FDA     8FDA       28         0
                text71                             7ECA     7ECA       AE         0
                text70                             8DAC     8DAC       38         0
                text69                             8C64     8C64       48         0
                text68                             8014     8014       9C         0
                text67                             6006     6006      246         0
                text66                             74BA     74BA      14E         0
                text65                             7C9A     7C9A       CE         0
                text64                             7E1C     7E1C       AE         0
                text63                             6A1C     6A1C      1B0         0
                text62                             8DE4     8DE4       34         0
                text61                             8E7A     8E7A       30         0
                text60                             8E4A     8E4A       30         0
                text59                             8BD2     8BD2       4A         0
                text58                             624C     624C      232         0
                text57                             46C6     46C6      71A         0
                text56                             879C     879C       6E         0
                text55                             902A     902A       26         0
                text54                             8A4E     8A4E       52         0
                text53                             917E     917E        6         0
                text52                             8418     8418       8A         0
                text51                             862C     862C       7C         0
                text50                             85B0     85B0       7C         0
                text49                             5D7E     5D7E      288         0
                text48                             838E     838E       8A         0
                text47                             7BCA     7BCA       D0         0
                text46                             572A     572A      350         0
                text45                             8EDA     8EDA       2E         0
                text44                             89A4     89A4       56         0
                text43                             7750     7750      140         0
                text42                             8948     8948       5C         0
                text41                             9074     9074       22         0
                text40                             392C     392C      D9A         0
                text39                             647E     647E      1E8         0
                text38                             79B4     79B4      110         0
                text37                             8304     8304       8A         0
                text36                             532E     532E      3FC         0
                text35                             8CEE     8CEE       42         0
                text34                             6D74     6D74      1A8         0
                text33                             8CAC     8CAC       42         0
                text32                             7094     7094      16C         0
                text31                             7368     7368      152         0
                text30                             6BCC     6BCC      1A8         0
                text29                             7200     7200      168         0
                text28                             7AC4     7AC4      106         0
                text27                             8B3C     8B3C       4C         0
                text26                              8BE      8BE     306E         0
                text25                             827A     827A       8A         0
                text24                             8C1C     8C1C       48         0
                text23                             8D30     8D30       3E         0
                text22                             7F78     7F78       9C         0
                text21                             4DE0     4DE0      54E         0
                text20                             852E     852E       82         0
                text19                             8AA0     8AA0       4E         0
                text18                             9128     9128       1A         0
                text17                             8FB2     8FB2       28         0
                text16                             7D68     7D68       B4         0
                text15                             814A     814A       98         0
                text14                             8874     8874       6A         0
                text13                             8F08     8F08       2C         0
                text12                             910E     910E       1A         0
                text11                             9190     9190        2         0
                text10                             90BA     90BA       1C         0
                text9                              880A     880A       6A         0
                text8                              915C     915C       18         0
                text7                              8B88     8B88       4A         0
                text6                              90F4     90F4       1A         0
                text5                              8F34     8F34       2A         0
                text4                              9050     9050       24         0
                text3                              8722     8722       7A         0
                text2                              6F1C     6F1C      178         0
                text1                              89FA     89FA       54         0
                text0                              5A7A     5A7A      304         0
                cinit                              86A8     86A8       7A         0
                idataBANK6                         9174     9174        9         0

        CLASS   CONST          

        CLASS   SMALLCONST     

        CLASS   MEDIUMCONST    
                mediumconst                        FE9E     FE9E      162         0

        CLASS   COMRAM         
                cstackCOMRAM                        501      501       2C         1
                bssCOMRAM                           52D      52D       19         1

        CLASS   ABS1           

        CLASS   BIGRAM         

        CLASS   RAM            

        CLASS   BANK5          
                cstackBANK5                         560      560       9B         1
                bssBANK5                            5FB      5FB        4         1

        CLASS   BANK6          
                cstackBANK6                         6BB      6BB       2A         1
                dataBANK6                           6E5      6E5        9         1
                bssBANK6                            600      600       BB         1

        CLASS   BANK7          
                bssBANK7                            700      700       50         1

        CLASS   BANK8          
                bssBANK8                            800      800      100         1

        CLASS   BANK9          

        CLASS   BANK10         

        CLASS   BANK11         

        CLASS   BANK12         

        CLASS   BANK13         

        CLASS   BANK14         

        CLASS   BANK15         

        CLASS   BANK16         

        CLASS   BANK17         

        CLASS   BANK18         

        CLASS   BANK19         

        CLASS   BANK20         

        CLASS   BANK21         

        CLASS   SFR            

        CLASS   CONFIG         
                config                           300000   300000        A         4

        CLASS   IDLOC          

        CLASS   EEDATA         
                eeprom_data                      380000   380000        8         0

        CLASS   FARRAM         



SEGMENTS        Name                           Load    Length   Top    Selector   Space  Class

                bssBANK6                       000600  0000EE  0006EE       600       1  BANK6   
                bssBANK7                       000700  000050  000750       700       1  BANK7   
                text87                         006668  001E3A  0084A2      199A       0  CODE    
                text81                         0090D8  0000A5  00917D      2436       0  CODE    
                text53                         00917E  000014  009192      48BF       0  CODE    
                text85                         0084A4  000BF2  009096      2129       0  CODE    
                text82                         009098  00003E  0090D6      2426       0  CODE    
                mediumconst                    00FE9E  000162  010000      7F4F       0  MEDIUMCO
                eeprom_data                    380000  000008  380008    380000       0  EEDATA  
                ivt0x808                       000808  005E5E  006666       404       0  CODE    
                reset_vec                      000800  000004  000804       400       0  CODE    
                cstackBANK5                    000560  00009F  0005FF       560       1  BANK5   
                bssBANK8                       000800  000100  000900       800       1  BANK8   
                cstackCOMRAM                   000501  000045  000546       501       1  COMRAM  


UNUSED ADDRESS RANGES

        Name                Unused          Largest block    Delta
        BANK10           000A00-000AFF              100
        BANK11           000B00-000BFF              100
        BANK12           000C00-000CFF              100
        BANK13           000D00-000DFF              100
        BANK14           000E00-000EFF              100
        BANK15           000F00-000FFF              100
        BANK16           001000-0010FF              100
        BANK17           001100-0011FF              100
        BANK18           001200-0012FF              100
        BANK19           001300-0013FF              100
        BANK20           001400-0014FF              100
        BANK21           001500-0015FF              100
        BANK5            0005FF-0005FF                1
        BANK6            0006EE-0006FF               12
        BANK7            000750-0007FF               B0
        BANK9            000900-0009FF              100
        BIGRAM           000546-00055F               1A
                         0005FF-0005FF                1
                         0006EE-0006FF               12
                         000750-0007FF               B0
                         000900-0015FF              D00
        CODE             000804-000807                4
                         006666-006667                2
                         0084A2-0084A3                2
                         009096-009097                2
                         0090D6-0090D7                2
                         00917D-00917D                1
                         009192-00FE9D             6D0C
        COMRAM           000546-00055F               1A
        CONFIG           30000A-300011                8
        CONST            000804-000807                4
                         006666-006667                2
                         0084A2-0084A3                2
                         009096-009097                2
                         0090D6-0090D7                2
                         00917D-00917D                1
                         009192-00FE9D             6D0C
        EEDATA           380008-3803FF              3F8
        FARRAM           000000-000000                1
        IDLOC            200000-20001F               20
        MEDIUMCONST      006666-006667                2
                         0084A2-0084A3                2
                         009096-009097                2
                         0090D6-0090D7                2
                         00917D-00917D                1
                         009192-00FE9D             6D0C
        RAM              0005FF-0005FF                1
                         0006EE-0006FF               12
                         000750-0007FF               B0
                         000900-0015FF              100
        SFR              000000-0004FF              100
        SMALLCONST       006666-006667                2
                         0084A2-0084A3                2
                         009096-009097                2
                         0090D6-0090D7                2
                         00917D-00917D                1
                         009192-00FE9D              100
        STACK            000900-0015FF              D00

                                  Symbol Table

?___aodiv                      cstackCOMRAM 00051B
?___aomod                      cstackCOMRAM 00051B
?___fldiv                      cstackCOMRAM 00051B
?___flmul                      cstackCOMRAM 00051B
?___flneg                      cstackCOMRAM 00051B
?___lldiv                      cstackBANK5  000560
?___lmul                       cstackCOMRAM 00051B
?___lodiv                      cstackCOMRAM 00051B
?___lomod                      cstackCOMRAM 00051B
?___omul                       cstackCOMRAM 00051B
?___strtoxll                   cstackBANK5  000568
?___wmul                       cstackCOMRAM 00051B
?___xxtofl                     cstackCOMRAM 00051B
?_abs                          cstackBANK5  000560
?_atoaefg                      cstackBANK5  00058F
?_atoc                         cstackCOMRAM 000526
?_atod                         cstackBANK5  0005A5
?_atoi                         cstackCOMRAM 000522
?_atoo                         cstackBANK5  0005A5
?_atos                         cstackBANK5  000565
?_atou                         cstackBANK5  0005A5
?_atox                         cstackBANK5  0005A5
?_daq_vbemf                    cstackCOMRAM 000503
?_daq_vdd                      cstackBANK5  000568
?_dtoa                         cstackBANK5  00056B
?_fgetc                        cstackCOMRAM 00051D
?_getch                        cstackCOMRAM 00051B
?_ina219_read                  cstackCOMRAM 00051B
?_isalpha                      cstackCOMRAM 00051B
?_isdigit                      cstackCOMRAM 00051B
?_islower                      cstackCOMRAM 00051B
?_isspace                      cstackCOMRAM 00051B
?_isupper                      cstackCOMRAM 00051B
?_isxdigit                     cstackCOMRAM 00051B
?_nanf                         cstackCOMRAM 00051B
?_pad                          cstackBANK5  000560
?_printf                       cstackBANK5  0005BD
?_sprintf                      cstackBANK5  0005BD
?_sscanf                       cstackBANK6  0006BB
?_stoa                         cstackCOMRAM 000526
?_strchr                       cstackCOMRAM 00051B
?_strlen                       cstackCOMRAM 00051B
?_strncmp                      cstackCOMRAM 00051B
?_strstr                       cstackCOMRAM 000526
?_strtof                       cstackCOMRAM 000529
?_strtoll                      cstackBANK5  00059D
?_strtoull                     cstackBANK5  00059D
?_tolower                      cstackCOMRAM 000521
?_toupper                      cstackCOMRAM 000521
?_utoa                         cstackBANK5  00056B
?_vfpfcnvrt                    cstackBANK5  000592
?_vfprintf                     cstackBANK5  0005B5
?_vfscanf                      cstackBANK5  0005EE
?_vfsfcnvrt                    cstackBANK5  0005BB
?_xtoa                         cstackBANK5  00056B
?i2_ina219_read                cstackCOMRAM 000501
IVTBASEH                       (abs)        00045E
IVTBASEL                       (abs)        00045D
IVTBASEU                       (abs)        00045F
PWM1_isr@f1a                   cstackCOMRAM 000513
PWM1_isr@f1b                   cstackCOMRAM 000514
PWM1_isr@i                     cstackCOMRAM 000515
PWM1_isr@mAmps                 cstackCOMRAM 000511
PWM1_isr@uk                    cstackCOMRAM 00050F
U1RX_isr@ch                    cstackCOMRAM 00051A
U1RX_isr@i                     cstackCOMRAM 000519
_ACTCON                        (abs)        0000AC
_ADACT                         (abs)        0003F9
_ADCLK                         (abs)        0003FA
_ADCON0                        (abs)        0003F3
_ADCON0bits                    (abs)        0003F3
_ADCON1                        (abs)        0003F4
_ADCON2                        (abs)        0003F5
_ADCON3                        (abs)        0003F6
_ADPCH                         (abs)        0003EC
_ADPRE                         (abs)        0003F1
_ADREF                         (abs)        0003F8
_ADRES                         (abs)        0003EA
_ANSELA                        (abs)        000400
_ANSELB                        (abs)        000408
_ANSELC                        (abs)        000410
_ANSELCbits                    (abs)        000410
_FVRA2X                        bssCOMRAM    00053B
_FVRC2X                        bssBANK6     000635
_FVRCONbits                    (abs)        0003D7
_I2C1BAUD                      (abs)        00029D
_I2C1CLK                       (abs)        00029E
_I2C1CNTH                      (abs)        00028D
_I2C1CNTL                      (abs)        00028C
_I2C1CON0                      (abs)        000294
_I2C1CON0bits                  (abs)        000294
_I2C1CON1                      (abs)        000295
_I2C1CON2                      (abs)        000296
_I2C1ERR                       (abs)        000297
_I2C1PIE                       (abs)        00029B
_I2C1PIR                       (abs)        00029A
_I2C1PIRbits                   (abs)        00029A
_I2C1RXB                       (abs)        00028A
_I2C1SCLPPS                    (abs)        000271
_I2C1SDAPPS                    (abs)        000270
_I2C1STAT0bits                 (abs)        000298
_I2C1STAT1                     (abs)        000299
_I2C1STAT1bits                 (abs)        000299
_I2C1TXB                       (abs)        00028B
_INLVLA                        (abs)        000404
_INLVLB                        (abs)        00040C
_INLVLC                        (abs)        000414
_INTCON0bits                   (abs)        0004D6
_IOCAF                         (abs)        000407
_IOCBF                         (abs)        00040F
_IOCCF                         (abs)        000417
_IOC_isr                       text81       0090D8
_IPR0bits                      (abs)        000367
_IPR3bits                      (abs)        00036A
_IPR4bits                      (abs)        00036B
_IVTBASEH                      (abs)        00045E
_IVTBASEL                      (abs)        00045D
_IVTBASEU                      (abs)        00045F
_LATA                          (abs)        0004BE
_LATAbits                      (abs)        0004BE
_LATB                          (abs)        0004BF
_LATBbits                      (abs)        0004BF
_LATC                          (abs)        0004C0
_LATCbits                      (abs)        0004C0
_NVMADR                        (abs)        000043
_NVMCON0bits                   (abs)        000040
_NVMCON1bits                   (abs)        000041
_NVMDAT                        (abs)        000046
_NVMDATL                       (abs)        000046
_NVMLOCK                       (abs)        000042
_ODCONA                        (abs)        000402
_ODCONB                        (abs)        00040A
_ODCONC                        (abs)        000412
_OSCCON1                       (abs)        0000AD
_OSCCON3                       (abs)        0000AF
_OSCEN                         (abs)        0000B3
_OSCFRQ                        (abs)        0000B1
_OSCTUNE                       (abs)        0000B0
_PIE0bits                      (abs)        0004A8
_PIE1bits                      (abs)        0004A9
_PIE3bits                      (abs)        0004AB
_PIE4bits                      (abs)        0004AC
_PIR1bits                      (abs)        0004B4
_PIR3bits                      (abs)        0004B6
_PIR4bits                      (abs)        0004B7
_PMD0                          (abs)        000063
_PMD1                          (abs)        000064
_PMD2                          (abs)        000065
_PMD3                          (abs)        000066
_PMD4                          (abs)        000067
_PMD5                          (abs)        000068
_PWM1CLK                       (abs)        000461
_PWM1CON                       (abs)        000469
_PWM1CPRE                      (abs)        000465
_PWM1ERS                       (abs)        000460
_PWM1GIE                       (abs)        000468
_PWM1GIEbits                   (abs)        000468
_PWM1GIR                       (abs)        000467
_PWM1GIRbits                   (abs)        000467
_PWM1LDS                       (abs)        000462
_PWM1PIPOS                     (abs)        000466
_PWM1PRH                       (abs)        000464
_PWM1PRL                       (abs)        000463
_PWM1S1CFG                     (abs)        00046A
_PWM1S1P1H                     (abs)        00046C
_PWM1S1P1L                     (abs)        00046B
_PWM1S1P2H                     (abs)        00046E
_PWM1S1P2L                     (abs)        00046D
_PWM1_isr                      text87       006668
_PWMIN0PPS                     (abs)        000257
_PWMIN1PPS                     (abs)        000258
_RA4PPS                        (abs)        000205
_RA5PPS                        (abs)        000206
_RB4PPS                        (abs)        00020D
_RB5PPS                        (abs)        00020E
_RB6PPS                        (abs)        00020F
_RB7PPS                        (abs)        000210
_RC3PPS                        (abs)        000214
_RC4PPS                        (abs)        000215
_RC5PPS                        (abs)        000216
_RC6PPS                        (abs)        000217
_RC7PPS                        (abs)        000218
_SLRCONA                       (abs)        000403
_SLRCONB                       (abs)        00040B
_SLRCONC                       (abs)        000413
_T0CON0                        (abs)        00031A
_T0CON0bits                    (abs)        00031A
_T0CON1                        (abs)        00031B
_TMR0H                         (abs)        000319
_TMR0L                         (abs)        000318
_TMR0_isr                      text82       009098
_TMR1_isr                      text83       009188
_TMR2_isr                      text84       00918C
_TRISA                         (abs)        0004C6
_TRISB                         (abs)        0004C7
_TRISC                         (abs)        0004C8
_TRISCbits                     (abs)        0004C8
_U1BRG                         (abs)        0002AE
_U1CON0                        (abs)        0002AB
_U1CON1bits                    (abs)        0002AC
_U1CON2                        (abs)        0002AD
_U1CON2bits                    (abs)        0002AD
_U1ERRIRbits                   (abs)        0002B2
_U1RXB                         (abs)        0002A1
_U1RXPPS                       (abs)        000272
_U1RX_isr                      text85       0084A4
_U1TXB                         (abs)        0002A3
_VDD                           bssBANK6     000633
_WPUA                          (abs)        000401
_WPUB                          (abs)        000409
_WPUC                          (abs)        000411
__HRAM                         (abs)        000000
__Habs1                        abs1         000000
__Hbank10                      bank10       000000
__Hbank11                      bank11       000000
__Hbank12                      bank12       000000
__Hbank13                      bank13       000000
__Hbank14                      bank14       000000
__Hbank15                      bank15       000000
__Hbank16                      bank16       000000
__Hbank17                      bank17       000000
__Hbank18                      bank18       000000
__Hbank19                      bank19       000000
__Hbank20                      bank20       000000
__Hbank21                      bank21       000000
__Hbank5                       bank5        000000
__Hbank6                       bank6        000000
__Hbank7                       bank7        000000
__Hbank8                       bank8        000000
__Hbank9                       bank9        000000
__Hbigbss                      bigbss       000000
__Hbigdata                     bigdata      000000
__Hbigram                      bigram       000000
__Hbss                         bss          000000
__HbssBANK5                    bssBANK5     000000
__HbssBANK6                    bssBANK6     000000
__HbssBANK7                    bssBANK7     000000
__HbssBANK8                    bssBANK8     000000
__HbssCOMRAM                   bssCOMRAM    000000
__Hcinit                       cinit        000000
__Hclrtext                     clrtext      000000
__Hcomram                      comram       000000
__Hconfig                      config       30000A
__Hconst                       const        000000
__HcstackBANK5                 cstackBANK5  000000
__HcstackBANK6                 cstackBANK6  000000
__HcstackCOMRAM                cstackCOMRAM 000000
__Hdata                        data         000000
__HdataBANK6                   dataBANK6    000000
__Heeprom_data                 eeprom_data  380008
__Hfarbss                      farbss       000000
__Hfardata                     fardata      000000
__Hibigdata                    ibigdata     000000
__Hidata                       idata        000000
__HidataBANK6                  idataBANK6   000000
__Hidloc                       idloc        000000
__Hifardata                    ifardata     000000
__Hinit                        init         0008BE
__Hintsave_regs                intsave_regs 000000
__Hirdata                      irdata       000000
__Hivt0x808                    ivt0x808     0008BA
__Hmediumconst                 mediumconst  010000
__HnvFARRAM                    nvFARRAM     000000
__Hnvbit                       nvbit        000000
__Hnvrram                      nvrram       000000
__Hparam                       rparam       000000
__Hpowerup                     powerup      000000
__Hram                         ram          000000
__Hramtop                      ramtop       001600
__Hrbit                        rbit         000000
__Hrbss                        rbss         000000
__Hrdata                       rdata        000000
__Hreset_vec                   reset_vec    000804
__Hrparam                      rparam       000000
__Hsfr                         sfr          000000
__Hsmallconst                  smallconst   000000
__Hspace_0                     (abs)        380008
__Hspace_1                     (abs)        000900
__Hspace_2                     (abs)        000000
__Hspace_4                     (abs)        60000A
__Hstack                       stack        000000
__Hstruct                      struct       000000
__Htemp                        temp         000000
__Htext                        text         000000
__Htext0                       text0        000000
__Htext1                       text1        000000
__Htext10                      text10       000000
__Htext11                      text11       000000
__Htext12                      text12       000000
__Htext13                      text13       000000
__Htext14                      text14       000000
__Htext15                      text15       000000
__Htext16                      text16       000000
__Htext17                      text17       000000
__Htext18                      text18       000000
__Htext19                      text19       000000
__Htext2                       text2        000000
__Htext20                      text20       000000
__Htext21                      text21       000000
__Htext22                      text22       000000
__Htext23                      text23       000000
__Htext24                      text24       000000
__Htext25                      text25       000000
__Htext26                      text26       000000
__Htext27                      text27       000000
__Htext28                      text28       000000
__Htext29                      text29       000000
__Htext3                       text3        000000
__Htext30                      text30       000000
__Htext31                      text31       000000
__Htext32                      text32       000000
__Htext33                      text33       000000
__Htext34                      text34       000000
__Htext35                      text35       000000
__Htext36                      text36       000000
__Htext37                      text37       000000
__Htext38                      text38       000000
__Htext39                      text39       000000
__Htext4                       text4        000000
__Htext40                      text40       000000
__Htext41                      text41       000000
__Htext42                      text42       000000
__Htext43                      text43       000000
__Htext44                      text44       000000
__Htext45                      text45       000000
__Htext46                      text46       000000
__Htext47                      text47       000000
__Htext48                      text48       000000
__Htext49                      text49       000000
__Htext5                       text5        000000
__Htext50                      text50       000000
__Htext51                      text51       000000
__Htext52                      text52       000000
__Htext53                      text53       000000
__Htext54                      text54       000000
__Htext55                      text55       000000
__Htext56                      text56       000000
__Htext57                      text57       000000
__Htext58                      text58       000000
__Htext59                      text59       000000
__Htext6                       text6        000000
__Htext60                      text60       000000
__Htext61                      text61       000000
__Htext62                      text62       000000
__Htext63                      text63       000000
__Htext64                      text64       000000
__Htext65                      text65       000000
__Htext66                      text66       000000
__Htext67                      text67       000000
__Htext68                      text68       000000
__Htext69                      text69       000000
__Htext7                       text7        000000
__Htext70                      text70       000000
__Htext71                      text71       000000
__Htext72                      text72       000000
__Htext73                      text73       000000
__Htext74                      text74       000000
__Htext75                      text75       000000
__Htext76                      text76       000000
__Htext77                      text77       000000
__Htext78                      text78       000000
__Htext79                      text79       000000
__Htext8                       text8        000000
__Htext80                      text80       000000
__Htext81                      text81       000000
__Htext82                      text82       000000
__Htext83                      text83       000000
__Htext84                      text84       000000
__Htext85                      text85       000000
__Htext86                      text86       000000
__Htext87                      text87       000000
__Htext88                      text88       000000
__Htext89                      text89       000000
__Htext9                       text9        000000
__Htext90                      text90       000000
__Htext91                      text91       000000
__Htext92                      text92       000000
__Htext93                      text93       000000
__LRAM                         (abs)        000001
__Labs1                        abs1         000000
__Lbank10                      bank10       000000
__Lbank11                      bank11       000000
__Lbank12                      bank12       000000
__Lbank13                      bank13       000000
__Lbank14                      bank14       000000
__Lbank15                      bank15       000000
__Lbank16                      bank16       000000
__Lbank17                      bank17       000000
__Lbank18                      bank18       000000
__Lbank19                      bank19       000000
__Lbank20                      bank20       000000
__Lbank21                      bank21       000000
__Lbank5                       bank5        000000
__Lbank6                       bank6        000000
__Lbank7                       bank7        000000
__Lbank8                       bank8        000000
__Lbank9                       bank9        000000
__Lbigbss                      bigbss       000000
__Lbigdata                     bigdata      000000
__Lbigram                      bigram       000000
__Lbss                         bss          000000
__LbssBANK5                    bssBANK5     000000
__LbssBANK6                    bssBANK6     000000
__LbssBANK7                    bssBANK7     000000
__LbssBANK8                    bssBANK8     000000
__LbssCOMRAM                   bssCOMRAM    000000
__Lcinit                       cinit        000000
__Lclrtext                     clrtext      000000
__Lcomram                      comram       000000
__Lconfig                      config       000000
__Lconst                       const        000000
__LcstackBANK5                 cstackBANK5  000000
__LcstackBANK6                 cstackBANK6  000000
__LcstackCOMRAM                cstackCOMRAM 000000
__Ldata                        data         000000
__LdataBANK6                   dataBANK6    000000
__Leeprom_data                 eeprom_data  380000
__Lfarbss                      farbss       000000
__Lfardata                     fardata      000000
__Libigdata                    ibigdata     000000
__Lidata                       idata        000000
__LidataBANK6                  idataBANK6   000000
__Lidloc                       idloc        000000
__Lifardata                    ifardata     000000
__Linit                        init         0008BA
__Lintsave_regs                intsave_regs 000000
__Lirdata                      irdata       000000
__Livt0x808                    ivt0x808     000808
__Lmediumconst                 mediumconst  00FE9E
__LnvFARRAM                    nvFARRAM     000000
__Lnvbit                       nvbit        000000
__Lnvrram                      nvrram       000000
__Lparam                       rparam       000000
__Lpowerup                     powerup      000000
__Lram                         ram          000000
__Lramtop                      ramtop       001600
__Lrbit                        rbit         000000
__Lrbss                        rbss         000000
__Lrdata                       rdata        000000
__Lreset_vec                   reset_vec    000800
__Lrparam                      rparam       000000
__Lsfr                         sfr          000000
__Lsmallconst                  smallconst   000000
__Lspace_0                     (abs)        000000
__Lspace_1                     (abs)        000000
__Lspace_2                     (abs)        000000
__Lspace_4                     (abs)        000000
__Lstack                       stack        000000
__Lstruct                      struct       000000
__Ltemp                        temp         000000
__Ltext                        text         000000
__Ltext0                       text0        000000
__Ltext1                       text1        000000
__Ltext10                      text10       000000
__Ltext11                      text11       000000
__Ltext12                      text12       000000
__Ltext13                      text13       000000
__Ltext14                      text14       000000
__Ltext15                      text15       000000
__Ltext16                      text16       000000
__Ltext17                      text17       000000
__Ltext18                      text18       000000
__Ltext19                      text19       000000
__Ltext2                       text2        000000
__Ltext20                      text20       000000
__Ltext21                      text21       000000
__Ltext22                      text22       000000
__Ltext23                      text23       000000
__Ltext24                      text24       000000
__Ltext25                      text25       000000
__Ltext26                      text26       000000
__Ltext27                      text27       000000
__Ltext28                      text28       000000
__Ltext29                      text29       000000
__Ltext3                       text3        000000
__Ltext30                      text30       000000
__Ltext31                      text31       000000
__Ltext32                      text32       000000
__Ltext33                      text33       000000
__Ltext34                      text34       000000
__Ltext35                      text35       000000
__Ltext36                      text36       000000
__Ltext37                      text37       000000
__Ltext38                      text38       000000
__Ltext39                      text39       000000
__Ltext4                       text4        000000
__Ltext40                      text40       000000
__Ltext41                      text41       000000
__Ltext42                      text42       000000
__Ltext43                      text43       000000
__Ltext44                      text44       000000
__Ltext45                      text45       000000
__Ltext46                      text46       000000
__Ltext47                      text47       000000
__Ltext48                      text48       000000
__Ltext49                      text49       000000
__Ltext5                       text5        000000
__Ltext50                      text50       000000
__Ltext51                      text51       000000
__Ltext52                      text52       000000
__Ltext53                      text53       000000
__Ltext54                      text54       000000
__Ltext55                      text55       000000
__Ltext56                      text56       000000
__Ltext57                      text57       000000
__Ltext58                      text58       000000
__Ltext59                      text59       000000
__Ltext6                       text6        000000
__Ltext60                      text60       000000
__Ltext61                      text61       000000
__Ltext62                      text62       000000
__Ltext63                      text63       000000
__Ltext64                      text64       000000
__Ltext65                      text65       000000
__Ltext66                      text66       000000
__Ltext67                      text67       000000
__Ltext68                      text68       000000
__Ltext69                      text69       000000
__Ltext7                       text7        000000
__Ltext70                      text70       000000
__Ltext71                      text71       000000
__Ltext72                      text72       000000
__Ltext73                      text73       000000
__Ltext74                      text74       000000
__Ltext75                      text75       000000
__Ltext76                      text76       000000
__Ltext77                      text77       000000
__Ltext78                      text78       000000
__Ltext79                      text79       000000
__Ltext8                       text8        000000
__Ltext80                      text80       000000
__Ltext81                      text81       000000
__Ltext82                      text82       000000
__Ltext83                      text83       000000
__Ltext84                      text84       000000
__Ltext85                      text85       000000
__Ltext86                      text86       000000
__Ltext87                      text87       000000
__Ltext88                      text88       000000
__Ltext89                      text89       000000
__Ltext9                       text9        000000
__Ltext90                      text90       000000
__Ltext91                      text91       000000
__Ltext92                      text92       000000
__Ltext93                      text93       000000
__S0                           (abs)        380008
__S1                           (abs)        000900
__S2                           (abs)        000000
__S4                           (abs)        000000
__S5                           (abs)        000000
___aodiv                       text75       007608
___aodiv@counter               cstackBANK5  000560
___aodiv@dividend              cstackCOMRAM 00051B
___aodiv@divisor               cstackCOMRAM 000523
___aodiv@quotient              cstackBANK5  000562
___aodiv@sign                  cstackBANK5  000561
___aomod                       text74       007890
___aomod@counter               cstackCOMRAM 00052B
___aomod@dividend              cstackCOMRAM 00051B
___aomod@divisor               cstackCOMRAM 000523
___aomod@sign                  cstackCOMRAM 00052C
___fldiv                       text49       005D7E
___fldiv@a                     cstackCOMRAM 00051F
___fldiv@aexp                  cstackBANK5  00056C
___fldiv@b                     cstackCOMRAM 00051B
___fldiv@bexp                  cstackBANK5  00056B
___fldiv@grs                   cstackBANK5  000567
___fldiv@new_exp               cstackBANK5  000565
___fldiv@rem                   cstackBANK5  000560
___fldiv@sign                  cstackBANK5  000564
___fleq                        text48       00838E
___fleq@ff1                    cstackCOMRAM 00051B
___fleq@ff2                    cstackCOMRAM 00051F
___flge                        text47       007BCA
___flge@ff1                    cstackCOMRAM 00051B
___flge@ff2                    cstackCOMRAM 00051F
___flmul                       text46       00572A
___flmul@a                     cstackCOMRAM 00051F
___flmul@aexp                  cstackBANK5  000561
___flmul@b                     cstackCOMRAM 00051B
___flmul@bexp                  cstackBANK5  000562
___flmul@grs                   cstackBANK5  000563
___flmul@prod                  cstackBANK5  000567
___flmul@sign                  cstackBANK5  000560
___flmul@temp                  cstackBANK5  00056B
___flneg                       text45       008EDA
___flneg@f1                    cstackCOMRAM 00051B
___inthi_sp                    stack        000000
___intlo_sp                    stack        000000
___lldiv                       text20       00852E
___lldiv@counter               cstackCOMRAM 00052B
___lldiv@dividend              cstackBANK5  000560
___lldiv@divisor               cstackBANK5  000564
___lldiv@quotient              cstackCOMRAM 000527
___lmul                        text44       0089A4
___lmul@multiplicand           cstackCOMRAM 00051F
___lmul@multiplier             cstackCOMRAM 00051B
___lmul@product                cstackCOMRAM 000523
___lodiv                       text65       007C9A
___lodiv@counter               cstackBANK5  000568
___lodiv@dividend              cstackCOMRAM 00051B
___lodiv@divisor               cstackCOMRAM 000523
___lodiv@quotient              cstackBANK5  000560
___lomod                       text64       007E1C
___lomod@counter               cstackCOMRAM 00052B
___lomod@dividend              cstackCOMRAM 00051B
___lomod@divisor               cstackCOMRAM 000523
___omul                        text37       008304
___omul@multiplicand           cstackCOMRAM 000523
___omul@multiplier             cstackCOMRAM 00051B
___omul@product                cstackBANK5  000560
___param_bank                  (abs)        000000
___rparam_used                 (abs)        000001
___sp                          stack        000000
___strtoxll                    text36       00532E
___strtoxll$3009               cstackBANK5  000580
___strtoxll$3010               cstackBANK5  000586
___strtoxll$3011               cstackBANK5  000582
___strtoxll$3012               cstackBANK5  000584
___strtoxll@a                  cstackBANK5  000592
___strtoxll@base               cstackBANK5  00056C
___strtoxll@c                  cstackBANK5  00059C
___strtoxll@conv_done          cstackBANK5  000587
___strtoxll@cp                 cstackBANK5  00059A
___strtoxll@endptr             cstackBANK5  00056A
___strtoxll@is_signed          cstackBANK5  00056E
___strtoxll@limit              cstackBANK5  000588
___strtoxll@prev_a             cstackBANK5  000578
___strtoxll@s                  cstackBANK5  000568
___strtoxll@sign               cstackBANK5  000590
___strtoxll@skip               cstackBANK5  000591
___wmul                        text79       008F5E
___wmul@multiplicand           cstackCOMRAM 00051D
___wmul@multiplier             cstackCOMRAM 00051B
___wmul@product                cstackCOMRAM 00051F
___xxtofl                      text43       007750
___xxtofl@arg                  cstackCOMRAM 000525
___xxtofl@exp                  cstackCOMRAM 000524
___xxtofl@sign                 cstackCOMRAM 000523
___xxtofl@val                  cstackCOMRAM 00051B
__accesstop                    (abs)        000560
__activetblptr                 (abs)        000002
__end_of_IOC_isr               text81       0090F4
__end_of_PWM1_isr              text87       00684A
__end_of_TMR0_isr              text82       0090BA
__end_of_TMR1_isr              text83       00918C
__end_of_TMR2_isr              text84       009190
__end_of_U1RX_isr              text85       00852E
__end_of___aodiv               text75       007750
__end_of___aomod               text74       0079B4
__end_of___fldiv               text49       006006
__end_of___fleq                text48       008418
__end_of___flge                text47       007C9A
__end_of___flmul               text46       005A7A
__end_of___flneg               text45       008F08
__end_of___lldiv               text20       0085B0
__end_of___lmul                text44       0089FA
__end_of___lodiv               text65       007D68
__end_of___lomod               text64       007ECA
__end_of___omul                text37       00838E
__end_of___strtoxll            text36       00572A
__end_of___wmul                text79       008F88
__end_of___xxtofl              text43       007890
__end_of__initialization       cinit        008718
__end_of_abs                   text73       008E4A
__end_of_adc_init              text19       008AEE
__end_of_adc_start             text18       009142
__end_of_adc_wait              text17       008FDA
__end_of_atoaefg               text39       006666
__end_of_atoc                  text38       007AC4
__end_of_atod                  text34       006F1C
__end_of_atoi                  text76       006A1C
__end_of_atoo                  text32       007200
__end_of_atos                  text31       0074BA
__end_of_atou                  text30       006D74
__end_of_atox                  text29       007368
__end_of_cmd_interpreter       text21       00532E
__end_of_daq_vbemf             text90       00814A
__end_of_daq_vdd               text16       007E1C
__end_of_default_isr           text80       009188
__end_of_dtoa                  text67       00624C
__end_of_fgetc                 text52       0084A2
__end_of_fputc                 text71       007F78
__end_of_fputs                 text70       008DE4
__end_of_getch                 text53       009184
__end_of_i2c_init              text13       008F34
__end_of_ina219_read           text15       0081E2
__end_of_ina219_reg            text14       0088DE
__end_of_init_fvr              text12       009128
__end_of_init_ina219           text11       009192
__end_of_init_oscillator       text10       0090D6
__end_of_init_pin_manager      text9        008874
__end_of_init_pmd              text8        009174
__end_of_init_pwm1_16bit       text7        008BD2
__end_of_init_system           text3        00879C
__end_of_init_timer0           text6        00910E
__end_of_init_uart1            text5        008F5E
__end_of_interrupt_initialize  text4        009074
__end_of_isalpha               text62       008E18
__end_of_isdigit               text78       008EDA
__end_of_islower               text60       008E7A
__end_of_isspace               text77       008DAC
__end_of_isupper               text61       008EAA
__end_of_isxdigit              text42       0089A4
__end_of_main                  text0        005D7E
__end_of_nanf                  text41       009096
__end_of_over_current          text1        008A4E
__end_of_pad                   text68       0080B0
__end_of_printf                text55       009050
__end_of_putch                 text72       009002
__end_of_set_pwm               text2        007094
__end_of_skipws                text50       00862C
__end_of_sprintf               text54       008AA0
__end_of_sscanf                text24       008C64
__end_of_stoa                  text66       007608
__end_of_strchr                text23       008D6E
__end_of_strlen                text69       008CAC
__end_of_strncmp               text28       007BCA
__end_of_strstr                text22       008014
__end_of_strtof                text40       0046C6
__end_of_strtoll               text35       008D30
__end_of_strtoull              text33       008CEE
__end_of_tolower               text27       008B88
__end_of_toupper               text59       008C1C
__end_of_ungetc                text51       0086A8
__end_of_utoa                  text63       006BCC
__end_of_vfpfcnvrt             text57       004DE0
__end_of_vfprintf              text56       00880A
__end_of_vfscanf               text25       008304
__end_of_vfsfcnvrt             text26       00392C
__end_of_xtoa                  text58       00647E
__end_ofi1_init_uart1          text86       008FB2
__end_ofi2_adc_init            text93       008B3C
__end_ofi2_adc_start           text92       00915C
__end_ofi2_adc_wait            text91       00902A
__end_ofi2_ina219_read         text89       00827A
__end_ofi2_ina219_reg          text88       008948
__initialization               cinit        0086A8
__mediumconst                  mediumconst  00FE9E
__pbssBANK5                    bssBANK5     0005FB
__pbssBANK6                    bssBANK6     000600
__pbssBANK7                    bssBANK7     000700
__pbssBANK8                    bssBANK8     000800
__pbssCOMRAM                   bssCOMRAM    00052D
__pcinit                       cinit        0086A8
__pcstackBANK5                 cstackBANK5  000560
__pcstackBANK6                 cstackBANK6  0006BB
__pcstackCOMRAM                cstackCOMRAM 000501
__pdataBANK6                   dataBANK6    0006E5
__pidataBANK6                  idataBANK6   009174
__pivt0x808                    ivt0x808     000808
__pmediumconst                 mediumconst  00FE9E
__ptext0                       text0        005A7A
__ptext1                       text1        0089FA
__ptext10                      text10       0090BA
__ptext11                      text11       009190
__ptext12                      text12       00910E
__ptext13                      text13       008F08
__ptext14                      text14       008874
__ptext15                      text15       00814A
__ptext16                      text16       007D68
__ptext17                      text17       008FB2
__ptext18                      text18       009128
__ptext19                      text19       008AA0
__ptext2                       text2        006F1C
__ptext20                      text20       00852E
__ptext21                      text21       004DE0
__ptext22                      text22       007F78
__ptext23                      text23       008D30
__ptext24                      text24       008C1C
__ptext25                      text25       00827A
__ptext26                      text26       0008BE
__ptext27                      text27       008B3C
__ptext28                      text28       007AC4
__ptext29                      text29       007200
__ptext3                       text3        008722
__ptext30                      text30       006BCC
__ptext31                      text31       007368
__ptext32                      text32       007094
__ptext33                      text33       008CAC
__ptext34                      text34       006D74
__ptext35                      text35       008CEE
__ptext36                      text36       00532E
__ptext37                      text37       008304
__ptext38                      text38       0079B4
__ptext39                      text39       00647E
__ptext4                       text4        009050
__ptext40                      text40       00392C
__ptext41                      text41       009074
__ptext42                      text42       008948
__ptext43                      text43       007750
__ptext44                      text44       0089A4
__ptext45                      text45       008EDA
__ptext46                      text46       00572A
__ptext47                      text47       007BCA
__ptext48                      text48       00838E
__ptext49                      text49       005D7E
__ptext5                       text5        008F34
__ptext50                      text50       0085B0
__ptext51                      text51       00862C
__ptext52                      text52       008418
__ptext53                      text53       00917E
__ptext54                      text54       008A4E
__ptext55                      text55       00902A
__ptext56                      text56       00879C
__ptext57                      text57       0046C6
__ptext58                      text58       00624C
__ptext59                      text59       008BD2
__ptext6                       text6        0090F4
__ptext60                      text60       008E4A
__ptext61                      text61       008E7A
__ptext62                      text62       008DE4
__ptext63                      text63       006A1C
__ptext64                      text64       007E1C
__ptext65                      text65       007C9A
__ptext66                      text66       0074BA
__ptext67                      text67       006006
__ptext68                      text68       008014
__ptext69                      text69       008C64
__ptext7                       text7        008B88
__ptext70                      text70       008DAC
__ptext71                      text71       007ECA
__ptext72                      text72       008FDA
__ptext73                      text73       008E18
__ptext74                      text74       007890
__ptext75                      text75       007608
__ptext76                      text76       00684A
__ptext77                      text77       008D6E
__ptext78                      text78       008EAA
__ptext79                      text79       008F5E
__ptext8                       text8        00915C
__ptext80                      text80       009184
__ptext81                      text81       0090D8
__ptext82                      text82       009098
__ptext83                      text83       009188
__ptext84                      text84       00918C
__ptext85                      text85       0084A4
__ptext86                      text86       008F88
__ptext87                      text87       006668
__ptext88                      text88       0088DE
__ptext89                      text89       0081E2
__ptext9                       text9        00880A
__ptext90                      text90       0080B0
__ptext91                      text91       009002
__ptext92                      text92       009142
__ptext93                      text93       008AEE
__ramtop                       ramtop       001600
__size_of_IOC_isr              (abs)        000000
__size_of_PWM1_isr             (abs)        000000
__size_of_TMR0_isr             (abs)        000000
__size_of_TMR1_isr             (abs)        000000
__size_of_TMR2_isr             (abs)        000000
__size_of_U1RX_isr             (abs)        000000
__size_of___aodiv              (abs)        000000
__size_of___aomod              (abs)        000000
__size_of___fldiv              (abs)        000000
__size_of___fleq               (abs)        000000
__size_of___flge               (abs)        000000
__size_of___flmul              (abs)        000000
__size_of___flneg              (abs)        000000
__size_of___lldiv              (abs)        000000
__size_of___lmul               (abs)        000000
__size_of___lodiv              (abs)        000000
__size_of___lomod              (abs)        000000
__size_of___omul               (abs)        000000
__size_of___strtoxll           (abs)        000000
__size_of___wmul               (abs)        000000
__size_of___xxtofl             (abs)        000000
__size_of_abs                  (abs)        000000
__size_of_adc_init             (abs)        000000
__size_of_adc_start            (abs)        000000
__size_of_adc_wait             (abs)        000000
__size_of_atoaefg              (abs)        000000
__size_of_atoc                 (abs)        000000
__size_of_atod                 (abs)        000000
__size_of_atoi                 (abs)        000000
__size_of_atoo                 (abs)        000000
__size_of_atos                 (abs)        000000
__size_of_atou                 (abs)        000000
__size_of_atox                 (abs)        000000
__size_of_cmd_interpreter      (abs)        000000
__size_of_daq_vbemf            (abs)        000000
__size_of_daq_vdd              (abs)        000000
__size_of_default_isr          (abs)        000000
__size_of_dtoa                 (abs)        000000
__size_of_fgetc                (abs)        000000
__size_of_fputc                (abs)        000000
__size_of_fputs                (abs)        000000
__size_of_getch                (abs)        000000
__size_of_i2c_init             (abs)        000000
__size_of_ina219_read          (abs)        000000
__size_of_ina219_reg           (abs)        000000
__size_of_init_fvr             (abs)        000000
__size_of_init_ina219          (abs)        000000
__size_of_init_oscillator      (abs)        000000
__size_of_init_pin_manager     (abs)        000000
__size_of_init_pmd             (abs)        000000
__size_of_init_pwm1_16bit      (abs)        000000
__size_of_init_system          (abs)        000000
__size_of_init_timer0          (abs)        000000
__size_of_init_uart1           (abs)        000000
__size_of_interrupt_initialize (abs)        000000
__size_of_isalpha              (abs)        000000
__size_of_isdigit              (abs)        000000
__size_of_islower              (abs)        000000
__size_of_isspace              (abs)        000000
__size_of_isupper              (abs)        000000
__size_of_isxdigit             (abs)        000000
__size_of_main                 (abs)        000000
__size_of_nanf                 (abs)        000000
__size_of_over_current         (abs)        000000
__size_of_pad                  (abs)        000000
__size_of_printf               (abs)        000000
__size_of_putch                (abs)        000000
__size_of_set_pwm              (abs)        000000
__size_of_skipws               (abs)        000000
__size_of_sprintf              (abs)        000000
__size_of_sscanf               (abs)        000000
__size_of_stoa                 (abs)        000000
__size_of_strchr               (abs)        000000
__size_of_strlen               (abs)        000000
__size_of_strncmp              (abs)        000000
__size_of_strstr               (abs)        000000
__size_of_strtof               (abs)        000000
__size_of_strtoll              (abs)        000000
__size_of_strtoull             (abs)        000000
__size_of_tolower              (abs)        000000
__size_of_toupper              (abs)        000000
__size_of_ungetc               (abs)        000000
__size_of_utoa                 (abs)        000000
__size_of_vfpfcnvrt            (abs)        000000
__size_of_vfprintf             (abs)        000000
__size_of_vfscanf              (abs)        000000
__size_of_vfsfcnvrt            (abs)        000000
__size_of_xtoa                 (abs)        000000
__size_ofi1_init_uart1         (abs)        000000
__size_ofi2_adc_init           (abs)        000000
__size_ofi2_adc_start          (abs)        000000
__size_ofi2_adc_wait           (abs)        000000
__size_ofi2_ina219_read        (abs)        000000
__size_ofi2_ina219_reg         (abs)        000000
__smallconst                   smallconst   000000
_abs                           text73       008E18
_adc_init                      text19       008AA0
_adc_start                     text18       009128
_adc_wait                      text17       008FB2
_asup                          bssBANK5     0005FD
_atoaefg                       text39       00647E
_atoaefg$2536                  cstackBANK5  00059D
_atoc                          text38       0079B4
_atoc$2515                     cstackBANK5  000566
_atoc$2516                     cstackBANK5  000568
_atod                          text34       006D74
_atod$2525                     cstackBANK5  0005B5
_atoi                          text76       00684A
_atoi$2359                     cstackBANK5  000562
_atoi$2360                     cstackBANK5  000566
_atoi$2361                     cstackBANK5  000564
_atoo                          text32       007094
_atos                          text31       007368
_atos$2550                     cstackBANK5  00056D
_atos$2551                     cstackBANK5  00056F
_atou                          text30       006BCC
_atou$2559                     cstackBANK5  0005B5
_atox                          text29       007200
_cmd_interpreter               text21       004DE0
_daq_vbemf                     text90       0080B0
_daq_vdd                       text16       007D68
_dbuf                          bssBANK6     00069B
_dbuf@doscan$F2503             bssBANK7     000700
_default_isr                   text80       009184
_dtoa                          text67       006006
_dtoa$2293                     cstackBANK5  00057D
_emk                           bssBANK8     000800
_errno                         bssCOMRAM    00052F
_fgetc                         text52       008418
_flags                         bssCOMRAM    000537
_fputc                         text71       007ECA
_fputs                         text70       008DAC
_g_ERRORflags                  bssCOMRAM    000543
_g_STATUSflags                 bssBANK6     00062F
_g_bemf8                       bssBANK6     000614
_g_dir                         bssBANK6     000638
_g_mAx10                       bssBANK6     00062B
_g_max_mAx10                   bssBANK6     000600
_g_position                    bssBANK6     000619
_g_rs232_request               bssBANK6     00063A
_g_rs232_response              bssCOMRAM    000544
_g_rx232_buf                   bssBANK6     00066B
_g_rx232_count                 bssCOMRAM    000545
_g_setpos                      bssBANK6     00061E
_g_timer_ms                    bssBANK6     00062D
_g_tovfl_ms                    bssCOMRAM    000542
_g_tx232_buf                   bssBANK6     00063B
_g_vbemf                       bssCOMRAM    000539
_g_version                     dataBANK6    0006EC
_g_vz                          bssBANK6     000639
_g_zcd                         bssBANK6     00060A
_g_zerocount                   bssCOMRAM    000541
_getch                         text53       00917E
_i2c_init                      text13       008F08
_ina219_read                   text15       00814A
_ina219_reg                    text14       008874
_init_fvr                      text12       00910E
_init_ina219                   text11       009190
_init_oscillator               text10       0090BA
_init_pin_manager              text9        00880A
_init_pmd                      text8        00915C
_init_pwm1_16bit               text7        008B88
_init_system                   text3        008722
_init_timer0                   text6        0090F4
_init_uart1                    text5        008F34
_interrupt_initialize          text4        009050
_isalpha                       text62       008DE4
_isdigit                       text78       008EAA
_islower                       text60       008E4A
_isspace                       text77       008D6E
_isspace$2386                  cstackCOMRAM 000521
_isupper                       text61       008E7A
_isxdigit                      text42       008948
_isxdigit$2852                 cstackCOMRAM 000521
_last_tick                     bssBANK6     000629
_main                          text0        005A7A
_main_state                    bssBANK6     000637
_n_overcurr                    bssCOMRAM    000540
_nanf                          text41       009074
_ncnv                          bssBANK6     000627
_nmatch                        bssBANK5     0005FB
_nout                          bssCOMRAM    000531
_ns                            bssCOMRAM    00053F
_over_current                  text1        0089FA
[...]
cmd_interpreter@vz             cstackBANK6  0006D8
daq_vbemf@chs                  cstackCOMRAM 00050A
daq_vbemf@vbemf                cstackCOMRAM 000508
daq_vbemf@vz                   cstackCOMRAM 000507
daq_vdd@v                      cstackBANK5  00056A
daq_vdd@vdd                    cstackBANK5  00056E
dtoa@d                         cstackBANK5  00056D
dtoa@fp                        cstackBANK5  00056B
dtoa@i                         cstackBANK5  00058D
dtoa@n                         cstackBANK5  000585
dtoa@p                         cstackBANK5  00057F
dtoa@s                         cstackBANK5  000583
dtoa@w                         cstackBANK5  000581
end_of_initialization          cinit        008718
fgetc@c                        cstackCOMRAM 000524
fgetc@fp                       cstackCOMRAM 00051D
fputc@c                        cstackCOMRAM 00051D
fputc@fp                       cstackCOMRAM 00051F
fputs@c                        cstackCOMRAM 00052A
fputs@fp                       cstackCOMRAM 000528
fputs@i                        cstackCOMRAM 00052B
fputs@s                        cstackCOMRAM 000526
i1_init_uart1                  text86       008F88
i2_adc_init                    text93       008AEE
i2_adc_start                   text92       009142
i2_adc_wait                    text91       009002
i2_ina219_read                 text89       0081E2
i2_ina219_reg                  text88       0088DE
i2adc_init@chs                 cstackCOMRAM 000501
i2adc_start@chs                cstackCOMRAM 000501
i2adc_wait@error               cstackCOMRAM 000502
i2adc_wait@timeout             cstackCOMRAM 000501
i2ina219_read@timeout          cstackCOMRAM 000504
i2ina219_read@timeout_405      cstackCOMRAM 000505
i2ina219_read@timeout_406      cstackCOMRAM 000506
i2ina219_read@timeout_407      cstackCOMRAM 000507
i2ina219_read@value            cstackCOMRAM 000508
i2ina219_reg@ina219reg         cstackCOMRAM 000502
i2ina219_reg@timeout           cstackCOMRAM 000503
i2ina219_reg@timeout_411       cstackCOMRAM 000504
i2ina219_reg@timeout_412       cstackCOMRAM 000505
ina219_read@timeout            cstackCOMRAM 00051E
ina219_read@timeout_405        cstackCOMRAM 00051F
ina219_read@timeout_406        cstackCOMRAM 000520
ina219_read@timeout_407        cstackCOMRAM 000521
ina219_read@value              cstackCOMRAM 000522
ina219_reg@ina219reg           cstackCOMRAM 00051C
ina219_reg@timeout             cstackCOMRAM 00051D
ina219_reg@timeout_411         cstackCOMRAM 00051E
ina219_reg@timeout_412         cstackCOMRAM 00051F
intlevel0                      text         000000
intlevel1                      text         000000
intlevel2                      text         000000
intlevel3                      text         000000
isa$std                        (abs)        000001
isa$xinst                      (abs)        000000
isalpha@c                      cstackCOMRAM 00051B
isdigit@c                      cstackCOMRAM 00051B
islower@c                      cstackCOMRAM 00051B
isspace@c                      cstackCOMRAM 00051B
isupper@c                      cstackCOMRAM 00051B
isxdigit@c                     cstackCOMRAM 00051B
ivt0x808_base                  ivt0x808     000808
ivt0x808_undefint              ivt0x808     0008B8
main@diff                      cstackBANK6  0006E2
main@i                         cstackBANK6  0006E3
main@i_1386                    cstackBANK6  0006E4
main@t_home_ms                 cstackBANK6  0006E0
main@t_home_s                  cstackBANK6  0006DE
nanf@s                         cstackCOMRAM 00051B
nanf@u                         cstackCOMRAM 00051F
over_current@result            cstackCOMRAM 000523
over_current@vz                cstackCOMRAM 000524
pad@buf                        cstackBANK5  000562
pad@fp                         cstackBANK5  000560
pad@i                          cstackBANK5  000567
pad@p                          cstackBANK5  000564
pad@w                          cstackBANK5  000569
printf@ap                      cstackBANK5  0005BF
printf@fmt                     cstackBANK5  0005BD
putch@data                     cstackCOMRAM 00051B
putch@timeout                  cstackCOMRAM 00051C
set_pwm@dir                    cstackCOMRAM 00051B
set_pwm@timout                 cstackCOMRAM 00051F
set_pwm@vz                     cstackCOMRAM 00051E
skipws@c                       cstackBANK5  000563
skipws@fp                      cstackCOMRAM 000526
sprintf@ap                     cstackBANK5  0005CD
sprintf@f                      cstackBANK5  0005CF
sprintf@fmt                    cstackBANK5  0005BF
sprintf@s                      cstackBANK5  0005BD
sscanf@ap                      cstackBANK6  0006CD
sscanf@f                       cstackBANK6  0006C7
sscanf@fmt                     cstackBANK6  0006BD
sscanf@ret                     cstackBANK6  0006C5
sscanf@s                       cstackBANK6  0006BB
stackhi                        (abs)        0015FF
stacklo                        (abs)        000900
start                          init         0008BA
start_initialization           cinit        0086A8
stoa@F1141                     dataBANK6    0006E5
stoa@cp                        cstackBANK5  00056B
stoa@fp                        cstackCOMRAM 000526
stoa@i                         cstackBANK5  000567
stoa@l                         cstackBANK5  00056F
stoa@nuls                      cstackBANK5  000560
stoa@p                         cstackBANK5  00056D
stoa@s                         cstackCOMRAM 000528
stoa@w                         cstackBANK5  000569
strchr@c                       cstackCOMRAM 00051D
strchr@s                       cstackCOMRAM 00051B
strlen@a                       cstackCOMRAM 00051D
strlen@s                       cstackCOMRAM 00051B
strncmp@_l                     cstackCOMRAM 00051B
strncmp@_r                     cstackCOMRAM 00051D
strncmp@l                      cstackCOMRAM 000522
strncmp@n                      cstackCOMRAM 00051F
strncmp@r                      cstackCOMRAM 000524
strstr@h                       cstackCOMRAM 000526
strstr@n                       cstackCOMRAM 000528
strstr@nl                      cstackCOMRAM 00052A
strtof@_u                      cstackBANK5  00058A
strtof@digit                   cstackBANK5  000584
strtof@eexp                    cstackBANK5  000588
strtof@expon                   cstackBANK5  000586
strtof@flags                   cstackBANK5  000585
strtof@i                       cstackBANK5  00058E
strtof@res                     cstackCOMRAM 00052B
strtof@s                       cstackCOMRAM 000529
strtoll@base                   cstackBANK5  0005A1
strtoll@endptr                 cstackBANK5  00059F
strtoll@s                      cstackBANK5  00059D
strtoull@base                  cstackBANK5  0005A1
strtoull@endptr                cstackBANK5  00059F
strtoull@s                     cstackBANK5  00059D
tolower@c                      cstackCOMRAM 000521
toupper@c                      cstackCOMRAM 000521
ungetc@c                       cstackCOMRAM 00051B
ungetc@fp                      cstackCOMRAM 00051D
utoa@d                         cstackBANK5  00056D
utoa@fp                        cstackBANK5  00056B
utoa@i                         cstackBANK5  000589
utoa@n                         cstackBANK5  000581
utoa@p                         cstackBANK5  00057D
utoa@w                         cstackBANK5  00057F
vfpfcnvrt@ap                   cstackBANK5  000596
vfpfcnvrt@c                    cstackBANK5  0005A8
vfpfcnvrt@cp                   cstackBANK5  0005A4
vfpfcnvrt@done                 cstackBANK5  0005A9
vfpfcnvrt@fmt                  cstackBANK5  000594
vfpfcnvrt@fp                   cstackBANK5  000592
vfpfcnvrt@ll                   cstackBANK5  00059C
vfpfcnvrt@llu                  cstackBANK5  0005AD
vfpfcnvrt@vp                   cstackBANK5  0005A6
vfprintf@ap                    cstackBANK5  0005B9
vfprintf@cfmt                  cstackBANK5  0005BB
vfprintf@fmt                   cstackBANK5  0005B7
vfprintf@fp                    cstackBANK5  0005B5
vfscanf@ap                     cstackBANK5  0005F2
vfscanf@cfmt                   cstackBANK5  0005F6
vfscanf@fmt                    cstackBANK5  0005F0
vfscanf@fp                     cstackBANK5  0005EE
vfscanf@n                      cstackBANK5  0005F4
vfsfcnvrt@ap                   cstackBANK5  0005BF
vfsfcnvrt@c                    cstackBANK5  0005D1
vfsfcnvrt@cp                   cstackBANK5  0005C9
vfsfcnvrt@ct                   cstackBANK5  0005D3
vfsfcnvrt@f                    cstackBANK5  0005D6
vfsfcnvrt@fmt                  cstackBANK5  0005BD
vfsfcnvrt@fp                   cstackBANK5  0005BB
vfsfcnvrt@i                    cstackBANK5  0005EC
vfsfcnvrt@ll                   cstackBANK5  0005DA
vfsfcnvrt@llu                  cstackBANK5  0005E2
vfsfcnvrt@pp                   cstackBANK5  0005CB
vfsfcnvrt@vp                   cstackBANK5  0005EA
xtoa@c                         cstackBANK5  000590
xtoa@d                         cstackBANK5  00056D
xtoa@fp                        cstackBANK5  00056B
xtoa@i                         cstackBANK5  00058E
xtoa@n                         cstackBANK5  000586
xtoa@p                         cstackBANK5  000582
xtoa@w                         cstackBANK5  000584
xtoa@x                         cstackBANK5  000575


MODULE INFORMATION

Module		Function		Class		Link	Load	Size
/opt/microchip/xc8/v2.32/pic/sources/c99/common/Umul64.c
		___omul        		CODE           	8304	0000	138

/opt/microchip/xc8/v2.32/pic/sources/c99/common/Umul64.c estimated size: 138

/opt/microchip/xc8/v2.32/pic/sources/c99/common/Umul16.c
		___wmul        		CODE           	8F5E	0000	42

/opt/microchip/xc8/v2.32/pic/sources/c99/common/Umul16.c estimated size: 42

/opt/microchip/xc8/v2.32/pic/sources/c99/common/nf_fputs.c
		_fputs         		CODE           	8DAC	0000	56

/opt/microchip/xc8/v2.32/pic/sources/c99/common/nf_fputs.c estimated size: 56

/opt/microchip/xc8/v2.32/pic/sources/c99/common/nf_sscanf.c
		_sscanf        		CODE           	8C1C	0000	72

/opt/microchip/xc8/v2.32/pic/sources/c99/common/nf_sscanf.c estimated size: 72

/opt/microchip/xc8/v2.32/pic/sources/c99/common/isdigit.c
		_isdigit       		CODE           	8EAA	0000	48

/opt/microchip/xc8/v2.32/pic/sources/c99/common/isdigit.c estimated size: 48

/opt/microchip/xc8/v2.32/pic/sources/c99/common/aodiv.c
		___aodiv       		CODE           	7608	0000	328

/opt/microchip/xc8/v2.32/pic/sources/c99/common/aodiv.c estimated size: 328

/opt/microchip/xc8/v2.32/pic/sources/c99/common/printf.c
		_printf        		CODE           	902A	0000	38

/opt/microchip/xc8/v2.32/pic/sources/c99/common/printf.c estimated size: 38

/opt/microchip/xc8/v2.32/pic/sources/c99/common/nanf.c
		_nanf          		CODE           	9074	0000	34

/opt/microchip/xc8/v2.32/pic/sources/c99/common/nanf.c estimated size: 34

/opt/microchip/xc8/v2.32/pic/sources/c99/common/Umul32.c
		___lmul        		CODE           	89A4	0000	86

/opt/microchip/xc8/v2.32/pic/sources/c99/common/Umul32.c estimated size: 86

i2c.c
		_ina219_reg    		CODE           	8874	0000	106
		_ina219_read   		CODE           	814A	0000	152
		_i2c_init      		CODE           	8F08	0000	44

i2c.c estimated size: 302

/opt/microchip/xc8/v2.32/pic/sources/c99/common/flneg.c
		___flneg       		CODE           	8EDA	0000	46

/opt/microchip/xc8/v2.32/pic/sources/c99/common/flneg.c estimated size: 46

/opt/microchip/xc8/v2.32/pic/sources/c99/common/abs.c
		_abs           		CODE           	8E18	0000	50

/opt/microchip/xc8/v2.32/pic/sources/c99/common/abs.c estimated size: 50

/opt/microchip/xc8/v2.32/pic/sources/c99/common/xxtofl.c
		___xxtofl      		CODE           	7750	0000	320

/opt/microchip/xc8/v2.32/pic/sources/c99/common/xxtofl.c estimated size: 320

/opt/microchip/xc8/v2.32/pic/sources/c99/common/atoi.c
		_atoi          		CODE           	684A	0000	466

/opt/microchip/xc8/v2.32/pic/sources/c99/common/atoi.c estimated size: 466

/opt/microchip/xc8/v2.32/pic/sources/c99/common/isxdigit.c
		_isxdigit      		CODE           	8948	0000	92

/opt/microchip/xc8/v2.32/pic/sources/c99/common/isxdigit.c estimated size: 92

/opt/microchip/xc8/v2.32/pic/sources/c99/common/fleq.c
		___fleq        		CODE           	838E	0000	138

/opt/microchip/xc8/v2.32/pic/sources/c99/common/fleq.c estimated size: 138

/opt/microchip/xc8/v2.32/pic/sources/c99/common/nf_getc.c
		_fgetc         		CODE           	8418	0000	138
		_ungetc        		CODE           	862C	0000	124

/opt/microchip/xc8/v2.32/pic/sources/c99/common/nf_getc.c estimated size: 262

/opt/microchip/xc8/v2.32/pic/sources/c99/common/__strtoxll.c
		___strtoxll    		CODE           	532E	0000	1020

/opt/microchip/xc8/v2.32/pic/sources/c99/common/__strtoxll.c estimated size: 1020

/opt/microchip/xc8/v2.32/pic/sources/c99/common/strtoull.c
		_strtoull      		CODE           	8CAC	0000	66

/opt/microchip/xc8/v2.32/pic/sources/c99/common/strtoull.c estimated size: 66

/opt/microchip/xc8/v2.32/pic/sources/c99/common/lomod.c
		___lomod       		CODE           	7E1C	0000	174

/opt/microchip/xc8/v2.32/pic/sources/c99/common/lomod.c estimated size: 174

/opt/microchip/xc8/v2.32/pic/sources/c99/common/strlen.c
		_strlen        		CODE           	8C64	0000	72

/opt/microchip/xc8/v2.32/pic/sources/c99/common/strlen.c estimated size: 72

adc.c
		_adc_start     		CODE           	9128	0000	26
		_adc_wait      		CODE           	8FB2	0000	40
		_adc_init      		CODE           	8AA0	0000	78

adc.c estimated size: 144

/opt/microchip/xc8/v2.32/pic/sources/c99/common/nf_fputc.c
		_fputc         		CODE           	7ECA	0000	174

/opt/microchip/xc8/v2.32/pic/sources/c99/common/nf_fputc.c estimated size: 174

/opt/microchip/xc8/v2.32/pic/sources/c99/common/strchr.c
		_strchr        		CODE           	8D30	0000	62

/opt/microchip/xc8/v2.32/pic/sources/c99/common/strchr.c estimated size: 62

/opt/microchip/xc8/v2.32/pic/sources/c99/common/isupper.c
		_isupper       		CODE           	8E7A	0000	48

/opt/microchip/xc8/v2.32/pic/sources/c99/common/isupper.c estimated size: 48

daq.c
		_daq_vdd       		CODE           	7D68	0000	180
		_daq_vbemf     		CODE           	80B0	0000	154

daq.c estimated size: 334

interrupt.c
		_TMR2_isr      		CODE           	918C	0000	4
		_default_isr   		CODE           	9184	0000	4
		_IOC_isr       		CODE           	90D8	0000	28
		_U1RX_isr      		CODE           	84A4	0000	138
		_TMR0_isr      		CODE           	9098	0000	34
		_PWM1_isr      		CODE           	6668	0000	482
		_TMR1_isr      		CODE           	9188	0000	4
		_interrupt_initialize		CODE           	9050	0000	36

interrupt.c estimated size: 730

shared
		i1_init_uart1  		CODE           	8F88	0000	42
		i2_adc_wait    		CODE           	9002	0000	40
		i2_adc_start   		CODE           	9142	0000	26
		i2_ina219_reg  		CODE           	88DE	0000	106
		i2_ina219_read 		CODE           	81E2	0000	152
		i2_adc_init    		CODE           	8AEE	0000	78
		__initialization		CODE           	86A8	0000	112

shared estimated size: 556

/opt/microchip/xc8/v2.32/pic/sources/c99/common/islower.c
		_islower       		CODE           	8E4A	0000	48

/opt/microchip/xc8/v2.32/pic/sources/c99/common/islower.c estimated size: 48

/opt/microchip/xc8/v2.32/pic/sources/c99/common/doprnt.c
		_vfpfcnvrt     		CODE           	46C6	0000	1818
		_pad           		CODE           	8014	0000	156
		_dtoa          		CODE           	6006	0000	582
		_vfprintf      		CODE           	879C	0000	110
		_stoa          		CODE           	74BA	0000	334
		_utoa          		CODE           	6A1C	0000	432
		_xtoa          		CODE           	624C	0000	562

/opt/microchip/xc8/v2.32/pic/sources/c99/common/doprnt.c estimated size: 3994

/opt/microchip/xc8/v2.32/pic/sources/c99/common/nf_sprintf.c
		_sprintf       		CODE           	8A4E	0000	82

/opt/microchip/xc8/v2.32/pic/sources/c99/common/nf_sprintf.c estimated size: 82

/opt/microchip/xc8/v2.32/pic/sources/c99/common/aomod.c
		___aomod       		CODE           	7890	0000	292

/opt/microchip/xc8/v2.32/pic/sources/c99/common/aomod.c estimated size: 292

/opt/microchip/xc8/v2.32/pic/sources/c99/common/toupper.c
		_toupper       		CODE           	8BD2	0000	74

/opt/microchip/xc8/v2.32/pic/sources/c99/common/toupper.c estimated size: 74

/opt/microchip/xc8/v2.32/pic/sources/c99/common/strtof.c
		_strtof        		CODE           	392C	0000	3482

/opt/microchip/xc8/v2.32/pic/sources/c99/common/strtof.c estimated size: 3482

/opt/microchip/xc8/v2.32/pic/sources/c99/common/isalpha.c
		_isalpha       		CODE           	8DE4	0000	52

/opt/microchip/xc8/v2.32/pic/sources/c99/common/isalpha.c estimated size: 52

/opt/microchip/xc8/v2.32/pic/sources/c99/common/isspace.c
		_isspace       		CODE           	8D6E	0000	62

/opt/microchip/xc8/v2.32/pic/sources/c99/common/isspace.c estimated size: 62

/opt/microchip/xc8/v2.32/pic/sources/c99/common/lodiv.c
		___lodiv       		CODE           	7C9A	0000	206

/opt/microchip/xc8/v2.32/pic/sources/c99/common/lodiv.c estimated size: 206

/opt/microchip/xc8/v2.32/pic/sources/c99/common/strtoll.c
		_strtoll       		CODE           	8CEE	0000	66

/opt/microchip/xc8/v2.32/pic/sources/c99/common/strtoll.c estimated size: 66

/opt/microchip/xc8/v2.32/pic/sources/c99/common/tolower.c
		_tolower       		CODE           	8B3C	0000	76

/opt/microchip/xc8/v2.32/pic/sources/c99/common/tolower.c estimated size: 76

/opt/microchip/xc8/v2.32/pic/sources/c99/common/strncmp.c
		_strncmp       		CODE           	7AC4	0000	262

/opt/microchip/xc8/v2.32/pic/sources/c99/common/strncmp.c estimated size: 262

init.c
		_init_ina219   		CODE           	9190	0000	2
		_init_system   		CODE           	8722	0000	122
		_init_oscillator		CODE           	90BA	0000	28
		_init_pin_manager		CODE           	880A	0000	106
		_init_pwm1_16bit		CODE           	8B88	0000	74
		_init_uart1    		CODE           	8F34	0000	42
		_init_timer0   		CODE           	90F4	0000	26
		_init_fvr      		CODE           	910E	0000	26
		_init_pmd      		CODE           	915C	0000	24

init.c estimated size: 450

/opt/microchip/xc8/v2.32/pic/sources/c99/common/sprcmul.c
		___flmul       		CODE           	572A	0000	848

/opt/microchip/xc8/v2.32/pic/sources/c99/common/sprcmul.c estimated size: 848

main.c
		_putch         		CODE           	8FDA	0000	40
		_cmd_interpreter		CODE           	4DE0	0000	1358
		_main          		CODE           	5A7A	0000	772
		_set_pwm       		CODE           	6F1C	0000	376
		_over_current  		CODE           	89FA	0000	84

main.c estimated size: 2630

/opt/microchip/xc8/v2.32/pic/sources/c99/common/flge.c
		___flge        		CODE           	7BCA	0000	208

/opt/microchip/xc8/v2.32/pic/sources/c99/common/flge.c estimated size: 208

/opt/microchip/xc8/v2.32/pic/sources/c99/common/__lldiv.c
		___lldiv       		CODE           	852E	0000	130

/opt/microchip/xc8/v2.32/pic/sources/c99/common/__lldiv.c estimated size: 130

/opt/microchip/xc8/v2.32/pic/sources/c99/common/sprcdiv.c
		___fldiv       		CODE           	5D7E	0000	648

/opt/microchip/xc8/v2.32/pic/sources/c99/common/sprcdiv.c estimated size: 648

/opt/microchip/xc8/v2.32/pic/sources/c99/common/doscan.c
		_atoaefg       		CODE           	647E	0000	488
		_atos          		CODE           	7368	0000	338
		_vfsfcnvrt     		CODE           	08BE	0000	12398
		_atou          		CODE           	6BCC	0000	424
		_vfscanf       		CODE           	827A	0000	138
		_atox          		CODE           	7200	0000	360
		_skipws        		CODE           	85B0	0000	124
		_atoc          		CODE           	79B4	0000	272
		_atoo          		CODE           	7094	0000	364
		_atod          		CODE           	6D74	0000	424

/opt/microchip/xc8/v2.32/pic/sources/c99/common/doscan.c estimated size: 15330

/opt/microchip/xc8/v2.32/pic/sources/c99/common/getch.c
		_getch         		CODE           	917E	0000	6

/opt/microchip/xc8/v2.32/pic/sources/c99/common/getch.c estimated size: 6

/opt/microchip/xc8/v2.32/pic/sources/c99/common/strstr.c
		_strstr        		CODE           	7F78	0000	156

/opt/microchip/xc8/v2.32/pic/sources/c99/common/strstr.c estimated size: 156

