Microchip MPLAB XC8 Compiler V2.32

Linker command line:

-W-3 --edf=/opt/microchip/xc8/v2.32/pic/dat/en_msgs.txt -pivt0x808=0808h \
  -cn -h+dist/default/production/ValveControl.X.production.sym \
  --cmf=dist/default/production/ValveControl.X.production.cmf -z -Q18F16Q41 \
  -o/tmp/xcXHKLaij --defsym=__MPLAB_BUILD=1 \
  -Mdist/default/production/ValveControl.X.production.map -E1 \
  -ver=XC8 Compiler --acfsm=1493 -ASTACK=0F50h-015FFh -pstack=STACK \
  -ACODE=0800h-0FFFFh -ACONST=0800h-0FFFFh -ASMALLCONST=01600h-016FFhx234 \
  -AMEDIUMCONST=01600h-0FFFFh -ACOMRAM=0501h-055Fh -AABS1=0500h-015FFh \
  -ABIGRAM=0501h-015FFh -ARAM=0560h-05FFh,0600h-06FFhx16 \
  -ABANK5=0560h-05FFh -ABANK6=0600h-06FFh -ABANK7=0700h-07FFh \
  -ABANK8=0800h-08FFh -ABANK9=0900h-09FFh -ABANK10=0A00h-0AFFh \
  -ABANK11=0B00h-0BFFh -ABANK12=0C00h-0CFFh -ABANK13=0D00h-0DFFh \
  -ABANK14=0E00h-0EFFh -ABANK15=0F00h-0FFFh -ABANK16=01000h-010FFh \
  -ABANK17=01100h-011FFh -ABANK18=01200h-012FFh -ABANK19=01300h-013FFh \
  -ABANK20=01400h-014FFh -ABANK21=01500h-015FFh \
  -ASFR=00h-0FFhx4,0400h-045Fh,0460h-04FFh -ACONFIG=0300000h-0300011h \
  -AIDLOC=0200000h-020001Fh -AEEDATA=0380000h-03803FFh -peeprom_data=EEDATA \
  -preset_vec=0800h -ppowerup=CODE,init -pramtop=01600h \
  -psmallconst=SMALLCONST -pmediumconst=MEDIUMCONST -pconst=CONST \
  -AFARRAM=00h-00h \
  -prdata=COMRAM,nvrram=COMRAM,nvbit=COMRAM,rbss=COMRAM,rbit=COMRAM \
  -pfarbss=FARRAM,fardata=FARRAM,nvFARRAM=FARRAM \
  -pintsave_regs=BIGRAM,bigbss=BIGRAM,bigdata=BIGRAM -pbss=RAM \
  -pidata=CODE,irdata=CODE,ibigdata=CODE,ifardata=CODE -prparam=COMRAM \
  /tmp/xcXJMHpHB.o dist/default/production/ValveControl.X.production.o 

Object code version is 3.11

Machine type is 18F16Q41



                Name                               Link     Load   Length Selector   Space Scale
/tmp/xcXJMHpHB.o
                config                           300000   300000        A        0       4
                init                                8BA      8BA        4      404       0
                reset_vec                           800      800        4      400       0
dist/default/production/ValveControl.X.production.o
                eeprom_data                      380000   380000        8   380000       0
                config                           300000   300000        A        0       4
                mediumconst                        FE82     FE82      17E     7F41       0
                ivt0x808                            808      808       B2      404       0
                text93                             8EDA     8EDA       4E     1F2D       0
                text92                             952E     952E       1A     2531       0
                text91                             93F0     93F0       28     1F2D       0
                text90                             84C2     84C2       9A     1F2D       0
                text89                             8896     8896       88     1F2D       0
                text88                             8CCA     8CCA       6A     1F2D       0
                text87                             7CB4     7CB4      114     1F2D       0
                text86                             9376     9376       2A     1F2D       0
                text85                             8784     8784       8A     1F2D       0
                text84                             9578     9578        4     4AB5       0
                text83                             9574     9574        4     4AB5       0
                text82                             9484     9484       22     1F2D       0
                text81                             94C4     94C4       1C     2531       0
                text80                             9570     9570        4     4AB5       0
                text79                             934C     934C       2A     1F2D       0
                text78                             9298     9298       30     1F2D       0
                text77                             915C     915C       3E     1F2D       0
                text76                             6B2E     6B2E      1C6      404       0
                text75                             7906     7906      148      404       0
                text74                             7B8E     7B8E      124      404       0
                text73                             9206     9206       32     1F2D       0
                text72                             93C8     93C8       28     1F2D       0
                text71                             82DA     82DA       AE     1F2D       0
                text70                             919A     919A       38     1F2D       0
                text69                             9052     9052       48     1F2D       0
                text68                             8388     8388       9E     1F2D       0
                text67                             64CA     64CA      246      404       0
                text66                             77B8     77B8      14E      404       0
                text65                             7ED6     7ED6      106     1F2D       0
                text64                             80AC     80AC       CE     1F2D       0
                text63                             822C     822C       AE     1F2D       0
                text62                             7054     7054      1B0      404       0
                text61                             91D2     91D2       34     1F2D       0
                text60                             9268     9268       30     1F2D       0
                text59                             9238     9238       30     1F2D       0
                text58                             9008     9008       4A     1F2D       0
                text57                             6710     6710      232      404       0
                text56                             46CE     46CE      AD0      404       0
                text55                             8B88     8B88       6E     1F2D       0
                text54                             9418     9418       26     1F2D       0
                text53                             8E3A     8E3A       52     1F2D       0
                text52                             956A     956A        6     4AB5       0
                text51                             86FA     86FA       8A     1F2D       0
                text50                             8A1C     8A1C       7C     1F2D       0
                text49                             89A0     89A0       7C     1F2D       0
                text48                             6242     6242      288      404       0
                text47                             8670     8670       8A     1F2D       0
                text46                             7FDC     7FDC       D0     1F2D       0
                text45                             5EF2     5EF2      350      404       0
                text44                             92C8     92C8       2E     1F2D       0
                text43                             8D90     8D90       56     1F2D       0
                text42                             7A4E     7A4E      140      404       0
                text41                             8D34     8D34       5C     1F2D       0
                text40                             9462     9462       22     1F2D       0
                text39                             3932     3932      D9C      404       0
                text38                             6942     6942      1EC      404       0
                text37                             7DC8     7DC8      10E     1F2D       0
                text36                             85E6     85E6       8A     1F2D       0
                text35                             5752     5752      3FC      404       0
                text34                             90DC     90DC       42     1F2D       0
                text33                             6EA4     6EA4      1B0      404       0
                text32                             909A     909A       42     1F2D       0
                text31                             737E     737E      174      404       0
                text30                             7662     7662      156      404       0
                text29                             6CF4     6CF4      1B0      404       0
                text28                             74F2     74F2      170      404       0
                text27                             8F28     8F28       4C     1F2D       0
                text26                              8BE      8BE     3074      404       0
                text25                             855C     855C       8A     1F2D       0
                text24                             8FBE     8FBE       4A     1F2D       0
                text23                             911E     911E       3E     1F2D       0
                text22                             8426     8426       9C     1F2D       0
                text21                             519E     519E      5B4      404       0
                text20                             891E     891E       82     1F2D       0
                text19                             8E8C     8E8C       4E     1F2D       0
                text18                             9514     9514       1A     2531       0
                text17                             93A0     93A0       28     1F2D       0
                text16                             817A     817A       B2     1F2D       0
                text15                             880E     880E       88     1F2D       0
                text14                             8C60     8C60       6A     1F2D       0
                text13                             92F6     92F6       2C     1F2D       0
                text12                             94FA     94FA       1A     2531       0
                text11                             957C     957C        2     4AB5       0
                text10                             94A6     94A6       1C     1F2D       0
                text9                              8BF6     8BF6       6A     1F2D       0
                text8                              9548     9548       18     2531       0
                text7                              8F74     8F74       4A     1F2D       0
                text6                              94E0     94E0       1A     2531       0
                text5                              9322     9322       2A     1F2D       0
                text4                              943E     943E       24     1F2D       0
                text3                              8A98     8A98       7A     1F2D       0
                text2                              7204     7204      17A      404       0
                text1                              8DE6     8DE6       54     1F2D       0
                text0                              5B4E     5B4E      3A4      404       0
                cstackCOMRAM                        501      501       32      501       1
                cstackBANK5                         560      560       9D      560       1
                cstackBANK6                         6D3      6D3       1E      600       1
                bssBIGRAM                           750      750      800      750       1
                bssBANK7                            700      700       50      700       1
                dataBANK6                           6F1      6F1        9      600       1
                bssBANK6                            600      600       D3      600       1
                bssBANK5                            5FD      5FD        2      560       1
                bssCOMRAM                           533      533       17      501       1
                cinit                              8B12     8B12       76     1F2D       0
                idataBANK6                         9560     9560        9     2531       0

TOTAL           Name                               Link     Load   Length     Space
        CLASS   STACK          

        CLASS   CODE           
                init                                8BA      8BA        4         0
                reset_vec                           800      800        4         0
                ivt0x808                            808      808       B2         0
                text93                             8EDA     8EDA       4E         0
                text92                             952E     952E       1A         0
                text91                             93F0     93F0       28         0
                text90                             84C2     84C2       9A         0
                text89                             8896     8896       88         0
                text88                             8CCA     8CCA       6A         0
                text87                             7CB4     7CB4      114         0
                text86                             9376     9376       2A         0
                text85                             8784     8784       8A         0
                text84                             9578     9578        4         0
                text83                             9574     9574        4         0
                text82                             9484     9484       22         0
                text81                             94C4     94C4       1C         0
                text80                             9570     9570        4         0
                text79                             934C     934C       2A         0
                text78                             9298     9298       30         0
                text77                             915C     915C       3E         0
                text76                             6B2E     6B2E      1C6         0
                text75                             7906     7906      148         0
                text74                             7B8E     7B8E      124         0
                text73                             9206     9206       32         0
                text72                             93C8     93C8       28         0
                text71                             82DA     82DA       AE         0
                text70                             919A     919A       38         0
                text69                             9052     9052       48         0
                text68                             8388     8388       9E         0
                text67                             64CA     64CA      246         0
                text66                             77B8     77B8      14E         0
                text65                             7ED6     7ED6      106         0
                text64                             80AC     80AC       CE         0
                text63                             822C     822C       AE         0
                text62                             7054     7054      1B0         0
                text61                             91D2     91D2       34         0
                text60                             9268     9268       30         0
                text59                             9238     9238       30         0
                text58                             9008     9008       4A         0
                text57                             6710     6710      232         0
                text56                             46CE     46CE      AD0         0
                text55                             8B88     8B88       6E         0
                text54                             9418     9418       26         0
                text53                             8E3A     8E3A       52         0
                text52                             956A     956A        6         0
                text51                             86FA     86FA       8A         0
                text50                             8A1C     8A1C       7C         0
                text49                             89A0     89A0       7C         0
                text48                             6242     6242      288         0
                text47                             8670     8670       8A         0
                text46                             7FDC     7FDC       D0         0
                text45                             5EF2     5EF2      350         0
                text44                             92C8     92C8       2E         0
                text43                             8D90     8D90       56         0
                text42                             7A4E     7A4E      140         0
                text41                             8D34     8D34       5C         0
                text40                             9462     9462       22         0
                text39                             3932     3932      D9C         0
                text38                             6942     6942      1EC         0
                text37                             7DC8     7DC8      10E         0
                text36                             85E6     85E6       8A         0
                text35                             5752     5752      3FC         0
                text34                             90DC     90DC       42         0
                text33                             6EA4     6EA4      1B0         0
                text32                             909A     909A       42         0
                text31                             737E     737E      174         0
                text30                             7662     7662      156         0
                text29                             6CF4     6CF4      1B0         0
                text28                             74F2     74F2      170         0
                text27                             8F28     8F28       4C         0
                text26                              8BE      8BE     3074         0
                text25                             855C     855C       8A         0
                text24                             8FBE     8FBE       4A         0
                text23                             911E     911E       3E         0
                text22                             8426     8426       9C         0
                text21                             519E     519E      5B4         0
                text20                             891E     891E       82         0
                text19                             8E8C     8E8C       4E         0
                text18                             9514     9514       1A         0
                text17                             93A0     93A0       28         0
                text16                             817A     817A       B2         0
                text15                             880E     880E       88         0
                text14                             8C60     8C60       6A         0
                text13                             92F6     92F6       2C         0
                text12                             94FA     94FA       1A         0
                text11                             957C     957C        2         0
                text10                             94A6     94A6       1C         0
                text9                              8BF6     8BF6       6A         0
                text8                              9548     9548       18         0
                text7                              8F74     8F74       4A         0
                text6                              94E0     94E0       1A         0
                text5                              9322     9322       2A         0
                text4                              943E     943E       24         0
                text3                              8A98     8A98       7A         0
                text2                              7204     7204      17A         0
                text1                              8DE6     8DE6       54         0
                text0                              5B4E     5B4E      3A4         0
                cinit                              8B12     8B12       76         0
                idataBANK6                         9560     9560        9         0

        CLASS   CONST          

        CLASS   SMALLCONST     

        CLASS   MEDIUMCONST    
                mediumconst                        FE82     FE82      17E         0

        CLASS   COMRAM         
                cstackCOMRAM                        501      501       32         1
                bssCOMRAM                           533      533       17         1

        CLASS   ABS1           

        CLASS   BIGRAM         
                bssBIGRAM                           750      750      800         1

        CLASS   RAM            

        CLASS   BANK5          
                cstackBANK5                         560      560       9D         1
                bssBANK5                            5FD      5FD        2         1

        CLASS   BANK6          
                cstackBANK6                         6D3      6D3       1E         1
                dataBANK6                           6F1      6F1        9         1
                bssBANK6                            600      600       D3         1

        CLASS   BANK7          
                bssBANK7                            700      700       50         1

        CLASS   BANK8          

        CLASS   BANK9          

        CLASS   BANK10         

        CLASS   BANK11         

        CLASS   BANK12         

        CLASS   BANK13         

        CLASS   BANK14         

        CLASS   BANK15         

        CLASS   BANK16         

        CLASS   BANK17         

        CLASS   BANK18         

        CLASS   BANK19         

        CLASS   BANK20         

        CLASS   BANK21         

        CLASS   SFR            

        CLASS   CONFIG         
                config                           300000   300000        A         4

        CLASS   IDLOC          

        CLASS   EEDATA         
                eeprom_data                      380000   380000        8         0

        CLASS   FARRAM         



SEGMENTS        Name                           Load    Length   Top    Selector   Space  Class

                bssBANK6                       000600  0000FA  0006FA       600       1  BANK6   
                bssBANK7                       000700  000050  000750       700       1  BANK7   
                text52                         00956A  000014  00957E      4AB5       0  CODE    
                text81                         0094C4  0000A5  009569      2531       0  CODE    
                bssBIGRAM                      000750  000800  000F50       750       1  BIGRAM  
                text87                         007CB4  00180E  0094C2      1F2D       0  CODE    
                ivt0x808                       000808  0074AA  007CB2       404       0  CODE    
                reset_vec                      000800  000004  000804       400       0  CODE    
                eeprom_data                    380000  000008  380008    380000       0  EEDATA  
                mediumconst                    00FE82  00017E  010000      7F41       0  MEDIUMCO
                cstackCOMRAM                   000501  000049  00054A       501       1  COMRAM  
                cstackBANK5                    000560  00009F  0005FF       560       1  BANK5   


UNUSED ADDRESS RANGES

        Name                Unused          Largest block    Delta
        BANK15           000F50-000FFF               B0
        BANK16           001000-0010FF              100
        BANK17           001100-0011FF              100
        BANK18           001200-0012FF              100
        BANK19           001300-0013FF              100
        BANK20           001400-0014FF              100
        BANK21           001500-0015FF              100
        BANK5            0005FF-0005FF                1
        BANK6            0006FA-0006FF                6
        BIGRAM           00054A-00055F               16
                         0005FF-0005FF                1
                         0006FA-0006FF                6
                         000F50-0015FF              6B0
        CODE             000804-000807                4
                         007CB2-007CB3                2
                         0094C2-0094C3                2
                         009569-009569                1
                         00957E-00FE81             6904
        COMRAM           00054A-00055F               16
        CONFIG           30000A-300011                8
        CONST            000804-000807                4
                         007CB2-007CB3                2
                         0094C2-0094C3                2
                         009569-009569                1
                         00957E-00FE81             6904
        EEDATA           380008-3803FF              3F8
        FARRAM           000000-000000                1
        IDLOC            200000-20001F               20
        MEDIUMCONST      007CB2-007CB3                2
                         0094C2-0094C3                2
                         009569-009569                1
                         00957E-00FE81             6904
        RAM              0005FF-0005FF                1
                         0006FA-0006FF                6
                         000F50-0015FF              100
        SFR              000000-0004FF              100
        SMALLCONST       007CB2-007CB3                2
                         0094C2-0094C3                2
                         009569-009569                1
                         00957E-00FE81              100
        STACK            000F50-0015FF              6B0

                                  Symbol Table

?___aodiv                      cstackCOMRAM 000517
?___aomod                      cstackCOMRAM 000517
?___fldiv                      cstackCOMRAM 000517
?___flmul                      cstackCOMRAM 000517
?___flneg                      cstackCOMRAM 000517
?___lldiv                      cstackCOMRAM 000523
?___lmul                       cstackCOMRAM 000517
?___lodiv                      cstackCOMRAM 000517
?___lomod                      cstackCOMRAM 000517
?___omul                       cstackCOMRAM 000517
?___strtoxll                   cstackBANK5  000560
?___wmul                       cstackCOMRAM 000517
?___xxtofl                     cstackCOMRAM 000517
?_abs                          cstackCOMRAM 000529
?_atoaefg                      cstackBANK5  000586
?_atoc                         cstackCOMRAM 000522
?_atod                         cstackBANK5  00059D
?_atoi                         cstackCOMRAM 00051E
?_atoo                         cstackBANK5  00059D
?_atos                         cstackCOMRAM 00052D
?_atou                         cstackBANK5  00059D
?_atox                         cstackBANK5  00059D
?_daq_vbemf                    cstackCOMRAM 000503
?_daq_vdd                      cstackCOMRAM 000530
?_dtoa                         cstackBANK5  000564
?_fgetc                        cstackCOMRAM 000519
?_getch                        cstackCOMRAM 000517
?_ina219_read                  cstackCOMRAM 000517
?_isalpha                      cstackCOMRAM 000517
?_isdigit                      cstackCOMRAM 000517
?_islower                      cstackCOMRAM 000517
?_isspace                      cstackCOMRAM 000517
?_isupper                      cstackCOMRAM 000517
?_isxdigit                     cstackCOMRAM 000517
?_nanf                         cstackCOMRAM 000517
?_pad                          cstackCOMRAM 000529
?_printf                       cstackBANK5  0005BE
?_sprintf                      cstackBANK5  0005BE
?_sscanf                       cstackBANK5  0005F0
?_stoa                         cstackCOMRAM 000522
?_strchr                       cstackCOMRAM 000517
?_strlen                       cstackCOMRAM 000517
?_strncmp                      cstackCOMRAM 000517
?_strstr                       cstackCOMRAM 000522
?_strtof                       cstackBANK5  000560
?_strtoll                      cstackBANK5  000595
?_strtoull                     cstackBANK5  000595
?_tolower                      cstackCOMRAM 00051D
?_toupper                      cstackCOMRAM 00051D
?_utoa                         cstackBANK5  000564
?_vfpfcnvrt                    cstackBANK5  00058B
?_vfprintf                     cstackBANK5  0005B8
?_vfscanf                      cstackBANK5  0005E6
?_vfsfcnvrt                    cstackBANK5  0005B3
?_xtoa                         cstackBANK5  000564
?i2_ina219_read                cstackCOMRAM 000501
IVTBASEH                       (abs)        00045E
IVTBASEL                       (abs)        00045D
IVTBASEU                       (abs)        00045F
PWM1_isr@mAmps                 cstackCOMRAM 000510
PWM1_isr@uk                    cstackCOMRAM 00050E
U1RX_isr@ch                    cstackCOMRAM 000516
U1RX_isr@i                     cstackCOMRAM 000515
_ACTCON                        (abs)        0000AC
_ADACT                         (abs)        0003F9
_ADCLK                         (abs)        0003FA
_ADCON0                        (abs)        0003F3
_ADCON0bits                    (abs)        0003F3
_ADCON1                        (abs)        0003F4
_ADCON2                        (abs)        0003F5
_ADCON3                        (abs)        0003F6
_ADPCH                         (abs)        0003EC
_ADPRE                         (abs)        0003F1
_ADREF                         (abs)        0003F8
_ADRES                         (abs)        0003EA
_ANSELA                        (abs)        000400
_ANSELB                        (abs)        000408
_ANSELC                        (abs)        000410
_ANSELCbits                    (abs)        000410
_FVRA2X                        bssBANK6     00064C
_FVRC2X                        bssBANK6     00064A
_FVRCONbits                    (abs)        0003D7
_I2C1BAUD                      (abs)        00029D
_I2C1CLK                       (abs)        00029E
_I2C1CNTH                      (abs)        00028D
_I2C1CNTL                      (abs)        00028C
_I2C1CON0                      (abs)        000294
_I2C1CON0bits                  (abs)        000294
_I2C1CON1                      (abs)        000295
_I2C1CON2                      (abs)        000296
_I2C1ERR                       (abs)        000297
_I2C1PIE                       (abs)        00029B
_I2C1PIR                       (abs)        00029A
_I2C1PIRbits                   (abs)        00029A
_I2C1RXB                       (abs)        00028A
_I2C1SCLPPS                    (abs)        000271
_I2C1SDAPPS                    (abs)        000270
_I2C1STAT0bits                 (abs)        000298
_I2C1STAT1                     (abs)        000299
_I2C1STAT1bits                 (abs)        000299
_I2C1TXB                       (abs)        00028B
_INLVLA                        (abs)        000404
_INLVLB                        (abs)        00040C
_INLVLC                        (abs)        000414
_INTCON0bits                   (abs)        0004D6
_IOCAF                         (abs)        000407
_IOCBF                         (abs)        00040F
_IOCCF                         (abs)        000417
_IOC_isr                       text81       0094C4
_IPR0bits                      (abs)        000367
_IPR3bits                      (abs)        00036A
_IPR4bits                      (abs)        00036B
_IVTBASEH                      (abs)        00045E
_IVTBASEL                      (abs)        00045D
_IVTBASEU                      (abs)        00045F
_LATA                          (abs)        0004BE
_LATAbits                      (abs)        0004BE
_LATB                          (abs)        0004BF
_LATBbits                      (abs)        0004BF
_LATC                          (abs)        0004C0
_NVMADR                        (abs)        000043
_NVMCON0bits                   (abs)        000040
_NVMCON1bits                   (abs)        000041
_NVMDAT                        (abs)        000046
_NVMDATL                       (abs)        000046
_NVMLOCK                       (abs)        000042
_ODCONA                        (abs)        000402
_ODCONB                        (abs)        00040A
_ODCONC                        (abs)        000412
_OSCCON1                       (abs)        0000AD
_OSCCON3                       (abs)        0000AF
_OSCEN                         (abs)        0000B3
_OSCFRQ                        (abs)        0000B1
_OSCTUNE                       (abs)        0000B0
_PIE1bits                      (abs)        0004A9
_PIE3bits                      (abs)        0004AB
_PIE4bits                      (abs)        0004AC
_PIR1bits                      (abs)        0004B4
_PIR3bits                      (abs)        0004B6
_PIR4bits                      (abs)        0004B7
_PMD0                          (abs)        000063
_PMD1                          (abs)        000064
_PMD2                          (abs)        000065
_PMD3                          (abs)        000066
_PMD4                          (abs)        000067
_PMD5                          (abs)        000068
_PWM1CLK                       (abs)        000461
_PWM1CON                       (abs)        000469
_PWM1CPRE                      (abs)        000465
_PWM1ERS                       (abs)        000460
_PWM1GIE                       (abs)        000468
_PWM1GIEbits                   (abs)        000468
_PWM1GIR                       (abs)        000467
_PWM1GIRbits                   (abs)        000467
_PWM1LDS                       (abs)        000462
_PWM1PIPOS                     (abs)        000466
_PWM1PRH                       (abs)        000464
_PWM1PRL                       (abs)        000463
_PWM1S1CFG                     (abs)        00046A
_PWM1S1P1H                     (abs)        00046C
_PWM1S1P1L                     (abs)        00046B
_PWM1S1P2H                     (abs)        00046E
_PWM1S1P2L                     (abs)        00046D
_PWM1_isr                      text87       007CB4
_PWMIN0PPS                     (abs)        000257
_PWMIN1PPS                     (abs)        000258
_RA4PPS                        (abs)        000205
_RA5PPS                        (abs)        000206
_RB4PPS                        (abs)        00020D
_RB5PPS                        (abs)        00020E
_RB6PPS                        (abs)        00020F
_RB7PPS                        (abs)        000210
_RC3PPS                        (abs)        000214
_RC4PPS                        (abs)        000215
_RC5PPS                        (abs)        000216
_RC6PPS                        (abs)        000217
_RC7PPS                        (abs)        000218
_SLRCONA                       (abs)        000403
_SLRCONB                       (abs)        00040B
_SLRCONC                       (abs)        000413
_T0CON0                        (abs)        00031A
_T0CON0bits                    (abs)        00031A
_T0CON1                        (abs)        00031B
_TMR0H                         (abs)        000319
_TMR0L                         (abs)        000318
_TMR0_isr                      text82       009484
_TMR1_isr                      text83       009574
_TMR2_isr                      text84       009578
_TRISA                         (abs)        0004C6
_TRISB                         (abs)        0004C7
_TRISC                         (abs)        0004C8
_TRISCbits                     (abs)        0004C8
_U1BRG                         (abs)        0002AE
_U1CON0                        (abs)        0002AB
_U1CON1bits                    (abs)        0002AC
_U1CON2                        (abs)        0002AD
_U1CON2bits                    (abs)        0002AD
_U1ERRIRbits                   (abs)        0002B2
_U1RXB                         (abs)        0002A1
_U1RXPPS                       (abs)        000272
_U1RX_isr                      text85       008784
_U1TXB                         (abs)        0002A3
_VDD                           bssBANK6     000648
_WPUA                          (abs)        000401
_WPUB                          (abs)        000409
_WPUC                          (abs)        000411
__HRAM                         (abs)        000000
__Habs1                        abs1         000000
__Hbank10                      bank10       000000
__Hbank11                      bank11       000000
__Hbank12                      bank12       000000
__Hbank13                      bank13       000000
__Hbank14                      bank14       000000
__Hbank15                      bank15       000000
__Hbank16                      bank16       000000
__Hbank17                      bank17       000000
__Hbank18                      bank18       000000
__Hbank19                      bank19       000000
__Hbank20                      bank20       000000
__Hbank21                      bank21       000000
__Hbank5                       bank5        000000
__Hbank6                       bank6        000000
__Hbank7                       bank7        000000
__Hbank8                       bank8        000000
__Hbank9                       bank9        000000
__Hbigbss                      bigbss       000000
__Hbigdata                     bigdata      000000
__Hbigram                      bigram       000000
__Hbss                         bss          000000
__HbssBANK5                    bssBANK5     000000
__HbssBANK6                    bssBANK6     000000
__HbssBANK7                    bssBANK7     000000
__HbssBIGRAM                   bssBIGRAM    000000
__HbssCOMRAM                   bssCOMRAM    000000
__Hcinit                       cinit        000000
__Hclrtext                     clrtext      000000
__Hcomram                      comram       000000
__Hconfig                      config       30000A
__Hconst                       const        000000
__HcstackBANK5                 cstackBANK5  000000
__HcstackBANK6                 cstackBANK6  000000
__HcstackCOMRAM                cstackCOMRAM 000000
__Hdata                        data         000000
__HdataBANK6                   dataBANK6    000000
__Heeprom_data                 eeprom_data  380008
__Hfarbss                      farbss       000000
__Hfardata                     fardata      000000
__Hibigdata                    ibigdata     000000
__Hidata                       idata        000000
__HidataBANK6                  idataBANK6   000000
__Hidloc                       idloc        000000
__Hifardata                    ifardata     000000
__Hinit                        init         0008BE
__Hintsave_regs                intsave_regs 000000
__Hirdata                      irdata       000000
__Hivt0x808                    ivt0x808     0008BA
__Hmediumconst                 mediumconst  010000
__HnvFARRAM                    nvFARRAM     000000
__Hnvbit                       nvbit        000000
__Hnvrram                      nvrram       000000
__Hparam                       rparam       000000
__Hpowerup                     powerup      000000
__Hram                         ram          000000
__Hramtop                      ramtop       001600
__Hrbit                        rbit         000000
__Hrbss                        rbss         000000
__Hrdata                       rdata        000000
__Hreset_vec                   reset_vec    000804
__Hrparam                      rparam       000000
__Hsfr                         sfr          000000
__Hsmallconst                  smallconst   000000
__Hspace_0                     (abs)        380008
__Hspace_1                     (abs)        000F50
__Hspace_2                     (abs)        000000
__Hspace_4                     (abs)        60000A
__Hstack                       stack        000000
__Hstruct                      struct       000000
__Htemp                        temp         000000
__Htext                        text         000000
__Htext0                       text0        000000
__Htext1                       text1        000000
__Htext10                      text10       000000
__Htext11                      text11       000000
__Htext12                      text12       000000
__Htext13                      text13       000000
__Htext14                      text14       000000
__Htext15                      text15       000000
__Htext16                      text16       000000
__Htext17                      text17       000000
__Htext18                      text18       000000
__Htext19                      text19       000000
__Htext2                       text2        000000
__Htext20                      text20       000000
__Htext21                      text21       000000
__Htext22                      text22       000000
__Htext23                      text23       000000
__Htext24                      text24       000000
__Htext25                      text25       000000
__Htext26                      text26       000000
__Htext27                      text27       000000
__Htext28                      text28       000000
__Htext29                      text29       000000
__Htext3                       text3        000000
__Htext30                      text30       000000
__Htext31                      text31       000000
__Htext32                      text32       000000
__Htext33                      text33       000000
__Htext34                      text34       000000
__Htext35                      text35       000000
__Htext36                      text36       000000
__Htext37                      text37       000000
__Htext38                      text38       000000
__Htext39                      text39       000000
__Htext4                       text4        000000
__Htext40                      text40       000000
__Htext41                      text41       000000
__Htext42                      text42       000000
__Htext43                      text43       000000
__Htext44                      text44       000000
__Htext45                      text45       000000
__Htext46                      text46       000000
__Htext47                      text47       000000
__Htext48                      text48       000000
__Htext49                      text49       000000
__Htext5                       text5        000000
__Htext50                      text50       000000
__Htext51                      text51       000000
__Htext52                      text52       000000
__Htext53                      text53       000000
__Htext54                      text54       000000
__Htext55                      text55       000000
__Htext56                      text56       000000
__Htext57                      text57       000000
__Htext58                      text58       000000
__Htext59                      text59       000000
__Htext6                       text6        000000
__Htext60                      text60       000000
__Htext61                      text61       000000
__Htext62                      text62       000000
__Htext63                      text63       000000
__Htext64                      text64       000000
__Htext65                      text65       000000
__Htext66                      text66       000000
__Htext67                      text67       000000
__Htext68                      text68       000000
__Htext69                      text69       000000
__Htext7                       text7        000000
__Htext70                      text70       000000
__Htext71                      text71       000000
__Htext72                      text72       000000
__Htext73                      text73       000000
__Htext74                      text74       000000
__Htext75                      text75       000000
__Htext76                      text76       000000
__Htext77                      text77       000000
__Htext78                      text78       000000
__Htext79                      text79       000000
__Htext8                       text8        000000
__Htext80                      text80       000000
__Htext81                      text81       000000
__Htext82                      text82       000000
__Htext83                      text83       000000
__Htext84                      text84       000000
__Htext85                      text85       000000
__Htext86                      text86       000000
__Htext87                      text87       000000
__Htext88                      text88       000000
__Htext89                      text89       000000
__Htext9                       text9        000000
__Htext90                      text90       000000
__Htext91                      text91       000000
__Htext92                      text92       000000
__Htext93                      text93       000000
__LRAM                         (abs)        000001
__Labs1                        abs1         000000
__Lbank10                      bank10       000000
__Lbank11                      bank11       000000
__Lbank12                      bank12       000000
__Lbank13                      bank13       000000
__Lbank14                      bank14       000000
__Lbank15                      bank15       000000
__Lbank16                      bank16       000000
__Lbank17                      bank17       000000
__Lbank18                      bank18       000000
__Lbank19                      bank19       000000
__Lbank20                      bank20       000000
__Lbank21                      bank21       000000
__Lbank5                       bank5        000000
__Lbank6                       bank6        000000
__Lbank7                       bank7        000000
__Lbank8                       bank8        000000
__Lbank9                       bank9        000000
__Lbigbss                      bigbss       000000
__Lbigdata                     bigdata      000000
__Lbigram                      bigram       000000
__Lbss                         bss          000000
__LbssBANK5                    bssBANK5     000000
__LbssBANK6                    bssBANK6     000000
__LbssBANK7                    bssBANK7     000000
__LbssBIGRAM                   bssBIGRAM    000000
__LbssCOMRAM                   bssCOMRAM    000000
__Lcinit                       cinit        000000
__Lclrtext                     clrtext      000000
__Lcomram                      comram       000000
__Lconfig                      config       000000
__Lconst                       const        000000
__LcstackBANK5                 cstackBANK5  000000
__LcstackBANK6                 cstackBANK6  000000
__LcstackCOMRAM                cstackCOMRAM 000000
__Ldata                        data         000000
__LdataBANK6                   dataBANK6    000000
__Leeprom_data                 eeprom_data  380000
__Lfarbss                      farbss       000000
__Lfardata                     fardata      000000
__Libigdata                    ibigdata     000000
__Lidata                       idata        000000
__LidataBANK6                  idataBANK6   000000
__Lidloc                       idloc        000000
__Lifardata                    ifardata     000000
__Linit                        init         0008BA
__Lintsave_regs                intsave_regs 000000
__Lirdata                      irdata       000000
__Livt0x808                    ivt0x808     000808
__Lmediumconst                 mediumconst  00FE82
__LnvFARRAM                    nvFARRAM     000000
__Lnvbit                       nvbit        000000
__Lnvrram                      nvrram       000000
__Lparam                       rparam       000000
__Lpowerup                     powerup      000000
__Lram                         ram          000000
__Lramtop                      ramtop       001600
__Lrbit                        rbit         000000
__Lrbss                        rbss         000000
__Lrdata                       rdata        000000
__Lreset_vec                   reset_vec    000800
__Lrparam                      rparam       000000
__Lsfr                         sfr          000000
__Lsmallconst                  smallconst   000000
__Lspace_0                     (abs)        000000
__Lspace_1                     (abs)        000000
__Lspace_2                     (abs)        000000
__Lspace_4                     (abs)        000000
__Lstack                       stack        000000
__Lstruct                      struct       000000
__Ltemp                        temp         000000
__Ltext                        text         000000
__Ltext0                       text0        000000
__Ltext1                       text1        000000
__Ltext10                      text10       000000
__Ltext11                      text11       000000
__Ltext12                      text12       000000
__Ltext13                      text13       000000
__Ltext14                      text14       000000
__Ltext15                      text15       000000
__Ltext16                      text16       000000
__Ltext17                      text17       000000
__Ltext18                      text18       000000
__Ltext19                      text19       000000
__Ltext2                       text2        000000
__Ltext20                      text20       000000
__Ltext21                      text21       000000
__Ltext22                      text22       000000
__Ltext23                      text23       000000
__Ltext24                      text24       000000
__Ltext25                      text25       000000
__Ltext26                      text26       000000
__Ltext27                      text27       000000
__Ltext28                      text28       000000
__Ltext29                      text29       000000
__Ltext3                       text3        000000
__Ltext30                      text30       000000
__Ltext31                      text31       000000
__Ltext32                      text32       000000
__Ltext33                      text33       000000
__Ltext34                      text34       000000
__Ltext35                      text35       000000
__Ltext36                      text36       000000
__Ltext37                      text37       000000
__Ltext38                      text38       000000
__Ltext39                      text39       000000
__Ltext4                       text4        000000
__Ltext40                      text40       000000
__Ltext41                      text41       000000
__Ltext42                      text42       000000
__Ltext43                      text43       000000
__Ltext44                      text44       000000
__Ltext45                      text45       000000
__Ltext46                      text46       000000
__Ltext47                      text47       000000
__Ltext48                      text48       000000
__Ltext49                      text49       000000
__Ltext5                       text5        000000
__Ltext50                      text50       000000
__Ltext51                      text51       000000
__Ltext52                      text52       000000
__Ltext53                      text53       000000
__Ltext54                      text54       000000
__Ltext55                      text55       000000
__Ltext56                      text56       000000
__Ltext57                      text57       000000
__Ltext58                      text58       000000
__Ltext59                      text59       000000
__Ltext6                       text6        000000
__Ltext60                      text60       000000
__Ltext61                      text61       000000
__Ltext62                      text62       000000
__Ltext63                      text63       000000
__Ltext64                      text64       000000
__Ltext65                      text65       000000
__Ltext66                      text66       000000
__Ltext67                      text67       000000
__Ltext68                      text68       000000
__Ltext69                      text69       000000
__Ltext7                       text7        000000
__Ltext70                      text70       000000
__Ltext71                      text71       000000
__Ltext72                      text72       000000
__Ltext73                      text73       000000
__Ltext74                      text74       000000
__Ltext75                      text75       000000
__Ltext76                      text76       000000
__Ltext77                      text77       000000
__Ltext78                      text78       000000
__Ltext79                      text79       000000
__Ltext8                       text8        000000
__Ltext80                      text80       000000
__Ltext81                      text81       000000
__Ltext82                      text82       000000
__Ltext83                      text83       000000
__Ltext84                      text84       000000
__Ltext85                      text85       000000
__Ltext86                      text86       000000
__Ltext87                      text87       000000
__Ltext88                      text88       000000
__Ltext89                      text89       000000
__Ltext9                       text9        000000
__Ltext90                      text90       000000
__Ltext91                      text91       000000
__Ltext92                      text92       000000
__Ltext93                      text93       000000
__S0                           (abs)        380008
__S1                           (abs)        000F50
__S2                           (abs)        000000
__S4                           (abs)        000000
__S5                           (abs)        000000
___aodiv                       text75       007906
___aodiv@counter               cstackCOMRAM 000527
___aodiv@dividend              cstackCOMRAM 000517
___aodiv@divisor               cstackCOMRAM 00051F
___aodiv@quotient              cstackCOMRAM 000529
___aodiv@sign                  cstackCOMRAM 000528
___aomod                       text74       007B8E
___aomod@counter               cstackCOMRAM 000527
___aomod@dividend              cstackCOMRAM 000517
___aomod@divisor               cstackCOMRAM 00051F
___aomod@sign                  cstackCOMRAM 000528
___fldiv                       text48       006242
___fldiv@a                     cstackCOMRAM 00051B
___fldiv@aexp                  cstackCOMRAM 00052F
___fldiv@b                     cstackCOMRAM 000517
___fldiv@bexp                  cstackCOMRAM 00052E
___fldiv@grs                   cstackCOMRAM 00052A
___fldiv@new_exp               cstackCOMRAM 000528
___fldiv@rem                   cstackCOMRAM 000523
___fldiv@sign                  cstackCOMRAM 000527
___fleq                        text47       008670
___fleq@ff1                    cstackCOMRAM 000517
___fleq@ff2                    cstackCOMRAM 00051B
___flge                        text46       007FDC
___flge@ff1                    cstackCOMRAM 000517
___flge@ff2                    cstackCOMRAM 00051B
___flmul                       text45       005EF2
___flmul@a                     cstackCOMRAM 00051B
___flmul@aexp                  cstackCOMRAM 000524
___flmul@b                     cstackCOMRAM 000517
___flmul@bexp                  cstackCOMRAM 000525
___flmul@grs                   cstackCOMRAM 000526
___flmul@prod                  cstackCOMRAM 00052A
___flmul@sign                  cstackCOMRAM 000523
___flmul@temp                  cstackCOMRAM 00052E
___flneg                       text44       0092C8
___flneg@f1                    cstackCOMRAM 000517
___inthi_sp                    stack        000000
___intlo_sp                    stack        000000
___lldiv                       text20       00891E
___lldiv@counter               cstackCOMRAM 00052F
___lldiv@dividend              cstackCOMRAM 000523
___lldiv@divisor               cstackCOMRAM 000527
___lldiv@quotient              cstackCOMRAM 00052B
___lmul                        text43       008D90
___lmul@multiplicand           cstackCOMRAM 00051B
___lmul@multiplier             cstackCOMRAM 000517
___lmul@product                cstackCOMRAM 00051F
___lodiv                       text64       0080AC
___lodiv@counter               cstackCOMRAM 00052F
___lodiv@dividend              cstackCOMRAM 000517
___lodiv@divisor               cstackCOMRAM 00051F
___lodiv@quotient              cstackCOMRAM 000527
___lomod                       text63       00822C
___lomod@counter               cstackCOMRAM 000527
___lomod@dividend              cstackCOMRAM 000517
___lomod@divisor               cstackCOMRAM 00051F
___omul                        text36       0085E6
___omul@multiplicand           cstackCOMRAM 00051F
___omul@multiplier             cstackCOMRAM 000517
___omul@product                cstackCOMRAM 000527
___param_bank                  (abs)        000000
___rparam_used                 (abs)        000001
___sp                          stack        000000
___strtoxll                    text35       005752
___strtoxll$2984               cstackBANK5  000578
___strtoxll$2985               cstackBANK5  00057E
___strtoxll$2986               cstackBANK5  00057A
___strtoxll$2987               cstackBANK5  00057C
___strtoxll@a                  cstackBANK5  00058A
___strtoxll@base               cstackBANK5  000564
___strtoxll@c                  cstackBANK5  000594
___strtoxll@conv_done          cstackBANK5  00057F
___strtoxll@cp                 cstackBANK5  000592
___strtoxll@endptr             cstackBANK5  000562
___strtoxll@is_signed          cstackBANK5  000566
___strtoxll@limit              cstackBANK5  000580
___strtoxll@prev_a             cstackBANK5  000570
___strtoxll@s                  cstackBANK5  000560
___strtoxll@sign               cstackBANK5  000588
___strtoxll@skip               cstackBANK5  000589
___wmul                        text79       00934C
___wmul@multiplicand           cstackCOMRAM 000519
___wmul@multiplier             cstackCOMRAM 000517
___wmul@product                cstackCOMRAM 00051B
___xxtofl                      text42       007A4E
___xxtofl@arg                  cstackCOMRAM 000521
___xxtofl@exp                  cstackCOMRAM 000520
___xxtofl@sign                 cstackCOMRAM 00051F
___xxtofl@val                  cstackCOMRAM 000517
__accesstop                    (abs)        000560
__activetblptr                 (abs)        000002
__end_of_IOC_isr               text81       0094E0
__end_of_PWM1_isr              text87       007DC8
__end_of_TMR0_isr              text82       0094A6
__end_of_TMR1_isr              text83       009578
__end_of_TMR2_isr              text84       00957C
__end_of_U1RX_isr              text85       00880E
__end_of___aodiv               text75       007A4E
__end_of___aomod               text74       007CB2
__end_of___fldiv               text48       0064CA
__end_of___fleq                text47       0086FA
__end_of___flge                text46       0080AC
__end_of___flmul               text45       006242
__end_of___flneg               text44       0092F6
__end_of___lldiv               text20       0089A0
__end_of___lmul                text43       008DE6
__end_of___lodiv               text64       00817A
__end_of___lomod               text63       0082DA
__end_of___omul                text36       008670
__end_of___strtoxll            text35       005B4E
__end_of___wmul                text79       009376
__end_of___xxtofl              text42       007B8E
__end_of__initialization       cinit        008B7E
__end_of_abs                   text73       009238
__end_of_adc_init              text19       008EDA
__end_of_adc_start             text18       00952E
__end_of_adc_wait              text17       0093C8
__end_of_atoaefg               text38       006B2E
__end_of_atoc                  text37       007ED6
__end_of_atod                  text33       007054
__end_of_atoi                  text76       006CF4
__end_of_atoo                  text31       0074F2
__end_of_atos                  text30       0077B8
__end_of_atou                  text29       006EA4
__end_of_atox                  text28       007662
__end_of_cmd_interpreter       text21       005752
__end_of_daq_vbemf             text90       00855C
__end_of_daq_vdd               text16       00822C
__end_of_default_isr           text80       009574
__end_of_dtoa                  text67       006710
__end_of_fgetc                 text51       008784
__end_of_fputc                 text71       008388
__end_of_fputs                 text70       0091D2
__end_of_getch                 text52       009570
__end_of_i2c_init              text13       009322
__end_of_ina219_read           text15       008896
__end_of_ina219_reg            text14       008CCA
__end_of_init_fvr              text12       009514
__end_of_init_ina219           text11       00957E
__end_of_init_oscillator       text10       0094C2
__end_of_init_pin_manager      text9        008C60
__end_of_init_pmd              text8        009560
__end_of_init_pwm1_16bit       text7        008FBE
__end_of_init_system           text3        008B12
__end_of_init_timer0           text6        0094FA
__end_of_init_uart1            text5        00934C
__end_of_interrupt_initialize  text4        009462
__end_of_isalpha               text61       009206
__end_of_isdigit               text78       0092C8
__end_of_islower               text59       009268
__end_of_isspace               text77       00919A
__end_of_isupper               text60       009298
__end_of_isxdigit              text41       008D90
__end_of_main                  text0        005EF2
__end_of_nanf                  text40       009484
__end_of_over_current          text1        008E3A
__end_of_pad                   text68       008426
__end_of_printf                text54       00943E
__end_of_putch                 text72       0093F0
__end_of_set_pwm               text2        00737E
__end_of_skipws                text49       008A1C
__end_of_sprintf               text53       008E8C
__end_of_sscanf                text24       009008
__end_of_stoa                  text66       007906
__end_of_strchr                text23       00915C
__end_of_strlen                text69       00909A
__end_of_strncmp               text65       007FDC
__end_of_strstr                text22       0084C2
__end_of_strtof                text39       0046CE
__end_of_strtoll               text34       00911E
__end_of_strtoull              text32       0090DC
__end_of_tolower               text27       008F74
__end_of_toupper               text58       009052
__end_of_ungetc                text50       008A98
__end_of_utoa                  text62       007204
__end_of_vfpfcnvrt             text56       00519E
__end_of_vfprintf              text55       008BF6
__end_of_vfscanf               text25       0085E6
__end_of_vfsfcnvrt             text26       003932
__end_of_xtoa                  text57       006942
__end_ofi1_init_uart1          text86       0093A0
__end_ofi2_adc_init            text93       008F28
__end_ofi2_adc_start           text92       009548
__end_ofi2_adc_wait            text91       009418
__end_ofi2_ina219_read         text89       00891E
__end_ofi2_ina219_reg          text88       008D34
__initialization               cinit        008B12
__mediumconst                  mediumconst  00FE82
__pbssBANK5                    bssBANK5     0005FD
__pbssBANK6                    bssBANK6     000600
__pbssBANK7                    bssBANK7     000700
__pbssBIGRAM                   bssBIGRAM    000750
__pbssCOMRAM                   bssCOMRAM    000533
__pcinit                       cinit        008B12
__pcstackBANK5                 cstackBANK5  000560
__pcstackBANK6                 cstackBANK6  0006D3
__pcstackCOMRAM                cstackCOMRAM 000501
__pdataBANK6                   dataBANK6    0006F1
__pidataBANK6                  idataBANK6   009560
__pivt0x808                    ivt0x808     000808
__pmediumconst                 mediumconst  00FE82
__ptext0                       text0        005B4E
__ptext1                       text1        008DE6
__ptext10                      text10       0094A6
__ptext11                      text11       00957C
__ptext12                      text12       0094FA
__ptext13                      text13       0092F6
__ptext14                      text14       008C60
__ptext15                      text15       00880E
__ptext16                      text16       00817A
__ptext17                      text17       0093A0
__ptext18                      text18       009514
__ptext19                      text19       008E8C
__ptext2                       text2        007204
__ptext20                      text20       00891E
__ptext21                      text21       00519E
__ptext22                      text22       008426
__ptext23                      text23       00911E
__ptext24                      text24       008FBE
__ptext25                      text25       00855C
__ptext26                      text26       0008BE
__ptext27                      text27       008F28
__ptext28                      text28       0074F2
__ptext29                      text29       006CF4
__ptext3                       text3        008A98
__ptext30                      text30       007662
__ptext31                      text31       00737E
__ptext32                      text32       00909A
__ptext33                      text33       006EA4
__ptext34                      text34       0090DC
__ptext35                      text35       005752
__ptext36                      text36       0085E6
__ptext37                      text37       007DC8
__ptext38                      text38       006942
__ptext39                      text39       003932
__ptext4                       text4        00943E
__ptext40                      text40       009462
__ptext41                      text41       008D34
__ptext42                      text42       007A4E
__ptext43                      text43       008D90
__ptext44                      text44       0092C8
__ptext45                      text45       005EF2
__ptext46                      text46       007FDC
__ptext47                      text47       008670
__ptext48                      text48       006242
__ptext49                      text49       0089A0
__ptext5                       text5        009322
__ptext50                      text50       008A1C
__ptext51                      text51       0086FA
__ptext52                      text52       00956A
__ptext53                      text53       008E3A
__ptext54                      text54       009418
__ptext55                      text55       008B88
__ptext56                      text56       0046CE
__ptext57                      text57       006710
__ptext58                      text58       009008
__ptext59                      text59       009238
__ptext6                       text6        0094E0
__ptext60                      text60       009268
__ptext61                      text61       0091D2
__ptext62                      text62       007054
__ptext63                      text63       00822C
__ptext64                      text64       0080AC
__ptext65                      text65       007ED6
__ptext66                      text66       0077B8
__ptext67                      text67       0064CA
__ptext68                      text68       008388
__ptext69                      text69       009052
__ptext7                       text7        008F74
__ptext70                      text70       00919A
__ptext71                      text71       0082DA
__ptext72                      text72       0093C8
__ptext73                      text73       009206
__ptext74                      text74       007B8E
__ptext75                      text75       007906
__ptext76                      text76       006B2E
__ptext77                      text77       00915C
__ptext78                      text78       009298
__ptext79                      text79       00934C
__ptext8                       text8        009548
__ptext80                      text80       009570
__ptext81                      text81       0094C4
__ptext82                      text82       009484
__ptext83                      text83       009574
__ptext84                      text84       009578
__ptext85                      text85       008784
__ptext86                      text86       009376
__ptext87                      text87       007CB4
__ptext88                      text88       008CCA
__ptext89                      text89       008896
__ptext9                       text9        008BF6
__ptext90                      text90       0084C2
__ptext91                      text91       0093F0
__ptext92                      text92       00952E
__ptext93                      text93       008EDA
__ramtop                       ramtop       001600
__size_of_IOC_isr              (abs)        000000
__size_of_PWM1_isr             (abs)        000000
__size_of_TMR0_isr             (abs)        000000
__size_of_TMR1_isr             (abs)        000000
__size_of_TMR2_isr             (abs)        000000
__size_of_U1RX_isr             (abs)        000000
__size_of___aodiv              (abs)        000000
__size_of___aomod              (abs)        000000
__size_of___fldiv              (abs)        000000
__size_of___fleq               (abs)        000000
__size_of___flge               (abs)        000000
__size_of___flmul              (abs)        000000
__size_of___flneg              (abs)        000000
__size_of___lldiv              (abs)        000000
__size_of___lmul               (abs)        000000
__size_of___lodiv              (abs)        000000
__size_of___lomod              (abs)        000000
__size_of___omul               (abs)        000000
__size_of___strtoxll           (abs)        000000
__size_of___wmul               (abs)        000000
__size_of___xxtofl             (abs)        000000
__size_of_abs                  (abs)        000000
__size_of_adc_init             (abs)        000000
__size_of_adc_start            (abs)        000000
__size_of_adc_wait             (abs)        000000
__size_of_atoaefg              (abs)        000000
__size_of_atoc                 (abs)        000000
__size_of_atod                 (abs)        000000
__size_of_atoi                 (abs)        000000
__size_of_atoo                 (abs)        000000
__size_of_atos                 (abs)        000000
__size_of_atou                 (abs)        000000
__size_of_atox                 (abs)        000000
__size_of_cmd_interpreter      (abs)        000000
__size_of_daq_vbemf            (abs)        000000
__size_of_daq_vdd              (abs)        000000
__size_of_default_isr          (abs)        000000
__size_of_dtoa                 (abs)        000000
__size_of_fgetc                (abs)        000000
__size_of_fputc                (abs)        000000
__size_of_fputs                (abs)        000000
__size_of_getch                (abs)        000000
__size_of_i2c_init             (abs)        000000
__size_of_ina219_read          (abs)        000000
__size_of_ina219_reg           (abs)        000000
__size_of_init_fvr             (abs)        000000
__size_of_init_ina219          (abs)        000000
__size_of_init_oscillator      (abs)        000000
__size_of_init_pin_manager     (abs)        000000
__size_of_init_pmd             (abs)        000000
__size_of_init_pwm1_16bit      (abs)        000000
__size_of_init_system          (abs)        000000
__size_of_init_timer0          (abs)        000000
__size_of_init_uart1           (abs)        000000
__size_of_interrupt_initialize (abs)        000000
__size_of_isalpha              (abs)        000000
__size_of_isdigit              (abs)        000000
__size_of_islower              (abs)        000000
__size_of_isspace              (abs)        000000
__size_of_isupper              (abs)        000000
__size_of_isxdigit             (abs)        000000
__size_of_main                 (abs)        000000
__size_of_nanf                 (abs)        000000
__size_of_over_current         (abs)        000000
__size_of_pad                  (abs)        000000
__size_of_printf               (abs)        000000
__size_of_putch                (abs)        000000
__size_of_set_pwm              (abs)        000000
__size_of_skipws               (abs)        000000
__size_of_sprintf              (abs)        000000
__size_of_sscanf               (abs)        000000
__size_of_stoa                 (abs)        000000
__size_of_strchr               (abs)        000000
__size_of_strlen               (abs)        000000
__size_of_strncmp              (abs)        000000
__size_of_strstr               (abs)        000000
__size_of_strtof               (abs)        000000
__size_of_strtoll              (abs)        000000
__size_of_strtoull             (abs)        000000
__size_of_tolower              (abs)        000000
__size_of_toupper              (abs)        000000
__size_of_ungetc               (abs)        000000
__size_of_utoa                 (abs)        000000
__size_of_vfpfcnvrt            (abs)        000000
__size_of_vfprintf             (abs)        000000
__size_of_vfscanf              (abs)        000000
__size_of_vfsfcnvrt            (abs)        000000
__size_of_xtoa                 (abs)        000000
__size_ofi1_init_uart1         (abs)        000000
__size_ofi2_adc_init           (abs)        000000
__size_ofi2_adc_start          (abs)        000000
__size_ofi2_adc_wait           (abs)        000000
__size_ofi2_ina219_read        (abs)        000000
__size_ofi2_ina219_reg         (abs)        000000
__smallconst                   smallconst   000000
_abs                           text73       009206
_adc_init                      text19       008E8C
_adc_start                     text18       009514
_adc_wait                      text17       0093A0
_asup                          bssBANK5     0005FD
_atoaefg                       text38       006942
_atoaefg$2511                  cstackBANK5  000594
_atoc                          text37       007DC8
_atoc$2490                     cstackCOMRAM 00052C
_atoc$2491                     cstackCOMRAM 00052E
_atod                          text33       006EA4
_atod$2500                     cstackBANK5  0005AD
_atoi                          text76       006B2E
_atoi$2340                     cstackCOMRAM 000526
_atoi$2341                     cstackCOMRAM 00052A
_atoi$2342                     cstackCOMRAM 000528
_atoo                          text31       00737E
_atos                          text30       007662
_atos$2525                     cstackBANK5  000564
_atos$2526                     cstackBANK5  000566
_atou                          text29       006CF4
_atou$2534                     cstackBANK5  0005AD
_atox                          text28       0074F2
_bemf_log                      bssBIGRAM    000B50
_cmd_interpreter               text21       00519E
_curr_log                      bssBIGRAM    000750
_daq_vbemf                     text90       0084C2
_daq_vdd                       text16       00817A
_dbuf                          bssBANK6     0006B3
_dbuf@doscan$F2478             bssBANK7     000700
_default_isr                   text80       009570
_dtoa                          text67       0064CA
_dtoa$2246                     cstackBANK5  000576
_errno                         bssCOMRAM    000537
_fgetc                         text51       0086FA
_flags                         bssCOMRAM    00053F
_fputc                         text71       0082DA
_fputs                         text70       00919A
_g_ERRORflags                  bssCOMRAM    000547
_g_STATUSflags                 bssBANK6     000644
_g_dir                         bssBANK6     000650
_g_mAx10                       bssBANK6     000640
_g_mAx10_max                   bssBANK6     000614
_g_position                    bssBANK6     000628
_g_rs232_request               bssBANK6     000652
_g_rs232_response              bssCOMRAM    000548
_g_rx232_buf                   bssBANK6     000683
_g_rx232_count                 bssCOMRAM    000549
_g_setpos                      bssBANK6     00062D
_g_timer_ms                    bssBANK6     000642
_g_tovfl_ms                    bssCOMRAM    000546
_g_tx232_buf                   bssBANK6     000653
_g_vbemf                       bssCOMRAM    000541
_g_vbemf_sum                   bssBANK6     000600
_g_version                     dataBANK6    0006F8
_g_vz                          bssBANK6     000651
_g_zcd                         bssBANK6     00061E
_g_zerocount                   bssBANK6     00064F
_getch                         text52       00956A
_i2c_init                      text13       0092F6
_ina219_read                   text15       00880E
_ina219_reg                    text14       008C60
_init_fvr                      text12       0094FA
_init_ina219                   text11       00957C
_init_oscillator               text10       0094A6
_init_pin_manager              text9        008BF6
_init_pmd                      text8        009548
_init_pwm1_16bit               text7        008F74
_init_system                   text3        008A98
_init_timer0                   text6        0094E0
_init_uart1                    text5        009322
_interrupt_initialize          text4        00943E
_isalpha                       text61       0091D2
_isdigit                       text78       009298
_islower                       text59       009238
_isspace                       text77       00915C
_isspace$2367                  cstackCOMRAM 00051D
_isupper                       text60       009268
_isxdigit                      text41       008D34
_isxdigit$2827                 cstackCOMRAM 00051D
_ix_logdata                    bssBANK6     000638
_last_tick                     bssBANK6     00063A
_main                          text0        005B4E
_main_state                    bssBANK6     00064E
_n_overcurr                    bssCOMRAM    000545
_nanf                          text40       009462
_ncnv                          bssBANK6     000636
_nmatch                        bssCOMRAM    000533
_nout                          bssCOMRAM    000539
_ns_bemf                       bssBANK6     00063E
_ns_curr                       bssBANK6     00063C
_over_current                  text1        008DE6
_pad                           text68       008388
_prec                          bssCOMRAM    00053D
_printf                        text54       009418
_putch                         text72       0093C8
_set_pwm                       text2        007204
_skipws                        text49       0089A0
_skipws$2482                   cstackCOMRAM 000528
_skipws$2483                   cstackCOMRAM 00052A
_sprintf                       text53       008E3A
_sscanf                        text24       008FBE
_stoa                          text66       0077B8
_strchr                        text23       00911E
_strlen                        text69       009052
_strncmp                       text65       007ED6
_strstr                        text22       008426
_strtof                        text39       003932
_strtof$2914                   cstackBANK5  00056A
_strtof$2915                   cstackBANK5  00057A
_strtof$2925                   cstackBANK5  00056C
_strtof$2926                   cstackBANK5  00056E
_strtof$2927                   cstackBANK5  000570
_strtof$2928                   cstackBANK5  000572
_strtof$2929                   cstackBANK5  000574
_strtof$2930                   cstackBANK5  000576
_strtof$2931                   cstackBANK5  000578
[...]
cmd_interpreter@pos            cstackBANK6  0006E2
cmd_interpreter@timeout_1400   cstackBANK6  0006DD
cmd_interpreter@vz             cstackBANK6  0006E6
daq_vbemf@chs                  cstackCOMRAM 00050A
daq_vbemf@vbemf                cstackCOMRAM 000508
daq_vbemf@vz                   cstackCOMRAM 000507
daq_vdd@v                      cstackBANK5  000560
daq_vdd@vdd                    cstackBANK5  000564
dtoa@d                         cstackBANK5  000566
dtoa@fp                        cstackBANK5  000564
dtoa@i                         cstackBANK5  000586
dtoa@n                         cstackBANK5  00057E
dtoa@p                         cstackBANK5  000578
dtoa@s                         cstackBANK5  00057C
dtoa@w                         cstackBANK5  00057A
end_of_initialization          cinit        008B7E
fgetc@c                        cstackCOMRAM 000520
fgetc@fp                       cstackCOMRAM 000519
fputc@c                        cstackCOMRAM 000519
fputc@fp                       cstackCOMRAM 00051B
fputs@c                        cstackCOMRAM 000526
fputs@fp                       cstackCOMRAM 000524
fputs@i                        cstackCOMRAM 000527
fputs@s                        cstackCOMRAM 000522
i1_init_uart1                  text86       009376
i2_adc_init                    text93       008EDA
i2_adc_start                   text92       00952E
i2_adc_wait                    text91       0093F0
i2_ina219_read                 text89       008896
i2_ina219_reg                  text88       008CCA
i2adc_init@chs                 cstackCOMRAM 000501
i2adc_start@chs                cstackCOMRAM 000501
i2adc_wait@error               cstackCOMRAM 000502
i2adc_wait@timeout             cstackCOMRAM 000501
i2ina219_read@timeout          cstackCOMRAM 000503
i2ina219_read@timeout_405      cstackCOMRAM 000504
i2ina219_read@timeout_406      cstackCOMRAM 000505
i2ina219_read@timeout_407      cstackCOMRAM 000506
i2ina219_read@value            cstackCOMRAM 000507
i2ina219_reg@ina219reg         cstackCOMRAM 000502
i2ina219_reg@timeout           cstackCOMRAM 000503
i2ina219_reg@timeout_411       cstackCOMRAM 000504
i2ina219_reg@timeout_412       cstackCOMRAM 000505
ina219_read@timeout            cstackCOMRAM 000519
ina219_read@timeout_405        cstackCOMRAM 00051A
ina219_read@timeout_406        cstackCOMRAM 00051B
ina219_read@timeout_407        cstackCOMRAM 00051C
ina219_read@value              cstackCOMRAM 00051D
ina219_reg@ina219reg           cstackCOMRAM 000518
ina219_reg@timeout             cstackCOMRAM 000519
ina219_reg@timeout_411         cstackCOMRAM 00051A
ina219_reg@timeout_412         cstackCOMRAM 00051B
intlevel0                      text         000000
intlevel1                      text         000000
intlevel2                      text         000000
intlevel3                      text         000000
isa$std                        (abs)        000001
isa$xinst                      (abs)        000000
isalpha@c                      cstackCOMRAM 000517
isdigit@c                      cstackCOMRAM 000517
islower@c                      cstackCOMRAM 000517
isspace@c                      cstackCOMRAM 000517
isupper@c                      cstackCOMRAM 000517
isxdigit@c                     cstackCOMRAM 000517
ivt0x808_base                  ivt0x808     000808
ivt0x808_undefint              ivt0x808     0008B8
main@diff                      cstackBANK6  0006F0
main@t_home_ms                 cstackBANK6  0006EE
main@t_home_s                  cstackBANK6  0006EC
nanf@s                         cstackCOMRAM 000517
nanf@u                         cstackCOMRAM 00051B
over_current@result            cstackCOMRAM 00051F
over_current@vz                cstackCOMRAM 000520
pad@buf                        cstackCOMRAM 00052B
pad@fp                         cstackCOMRAM 000529
pad@i                          cstackBANK5  000560
pad@p                          cstackCOMRAM 00052D
pad@w                          cstackBANK5  000562
printf@ap                      cstackBANK5  0005C0
printf@fmt                     cstackBANK5  0005BE
putch@data                     cstackCOMRAM 000517
putch@timeout                  cstackCOMRAM 000518
set_pwm@dir                    cstackCOMRAM 000517
set_pwm@timout                 cstackCOMRAM 00051B
set_pwm@vz                     cstackCOMRAM 00051A
skipws@c                       cstackCOMRAM 00052B
skipws@fp                      cstackCOMRAM 000522
sprintf@ap                     cstackBANK5  0005D2
sprintf@f                      cstackBANK5  0005D4
sprintf@fmt                    cstackBANK5  0005C0
sprintf@s                      cstackBANK5  0005BE
sscanf@ap                      cstackBANK6  0006DB
sscanf@f                       cstackBANK6  0006D5
sscanf@fmt                     cstackBANK5  0005F2
sscanf@ret                     cstackBANK6  0006D3
sscanf@s                       cstackBANK5  0005F0
stackhi                        (abs)        0015FF
stacklo                        (abs)        000F50
start                          init         0008BA
start_initialization           cinit        008B12
stoa@F1141                     dataBANK6    0006F1
stoa@cp                        cstackBANK5  00056B
stoa@fp                        cstackCOMRAM 000522
stoa@i                         cstackBANK5  000567
stoa@l                         cstackBANK5  00056F
stoa@nuls                      cstackBANK5  000560
stoa@p                         cstackBANK5  00056D
stoa@s                         cstackCOMRAM 000524
stoa@w                         cstackBANK5  000569
strchr@c                       cstackCOMRAM 000519
strchr@s                       cstackCOMRAM 000517
strlen@a                       cstackCOMRAM 000519
strlen@s                       cstackCOMRAM 000517
strncmp@_l                     cstackCOMRAM 000517
strncmp@_r                     cstackCOMRAM 000519
strncmp@l                      cstackCOMRAM 00051E
strncmp@n                      cstackCOMRAM 00051B
strncmp@r                      cstackCOMRAM 000520
strstr@h                       cstackCOMRAM 000522
strstr@n                       cstackCOMRAM 000524
strstr@nl                      cstackCOMRAM 000526
strtof@_u                      cstackBANK5  000581
strtof@digit                   cstackBANK5  00057B
strtof@eexp                    cstackBANK5  00057F
strtof@expon                   cstackBANK5  00057D
strtof@flags                   cstackBANK5  00057C
strtof@i                       cstackBANK5  000585
strtof@res                     cstackBANK5  000562
strtof@s                       cstackBANK5  000560
strtoll@base                   cstackBANK5  000599
strtoll@endptr                 cstackBANK5  000597
strtoll@s                      cstackBANK5  000595
strtoull@base                  cstackBANK5  000599
strtoull@endptr                cstackBANK5  000597
strtoull@s                     cstackBANK5  000595
tolower@c                      cstackCOMRAM 00051D
toupper@c                      cstackCOMRAM 00051D
ungetc@c                       cstackCOMRAM 000517
ungetc@fp                      cstackCOMRAM 000519
utoa@d                         cstackBANK5  000566
utoa@fp                        cstackBANK5  000564
utoa@i                         cstackBANK5  000582
utoa@n                         cstackBANK5  00057A
utoa@p                         cstackBANK5  000576
utoa@w                         cstackBANK5  000578
vfpfcnvrt@ap                   cstackBANK5  00058F
vfpfcnvrt@c                    cstackBANK5  0005AF
vfpfcnvrt@cp                   cstackBANK5  00059F
vfpfcnvrt@done                 cstackBANK5  0005A1
vfpfcnvrt@fmt                  cstackBANK5  00058D
vfpfcnvrt@fp                   cstackBANK5  00058B
vfpfcnvrt@ll                   cstackBANK5  0005A5
vfpfcnvrt@llu                  cstackBANK5  0005B0
vfpfcnvrt@vp                   cstackBANK5  0005AD
vfprintf@ap                    cstackBANK5  0005BC
vfprintf@cfmt                  cstackCOMRAM 000531
vfprintf@fmt                   cstackBANK5  0005BA
vfprintf@fp                    cstackBANK5  0005B8
vfscanf@ap                     cstackBANK5  0005EA
vfscanf@cfmt                   cstackBANK5  0005EE
vfscanf@fmt                    cstackBANK5  0005E8
vfscanf@fp                     cstackBANK5  0005E6
vfscanf@n                      cstackBANK5  0005EC
vfsfcnvrt@ap                   cstackBANK5  0005B7
vfsfcnvrt@c                    cstackBANK5  0005C9
vfsfcnvrt@cp                   cstackBANK5  0005C1
vfsfcnvrt@ct                   cstackBANK5  0005CB
vfsfcnvrt@f                    cstackBANK5  0005CE
vfsfcnvrt@fmt                  cstackBANK5  0005B5
vfsfcnvrt@fp                   cstackBANK5  0005B3
vfsfcnvrt@i                    cstackBANK5  0005E4
vfsfcnvrt@ll                   cstackBANK5  0005D2
vfsfcnvrt@llu                  cstackBANK5  0005DA
vfsfcnvrt@pp                   cstackBANK5  0005C3
vfsfcnvrt@vp                   cstackBANK5  0005E2
xtoa@c                         cstackBANK5  000589
xtoa@d                         cstackBANK5  000566
xtoa@fp                        cstackBANK5  000564
xtoa@i                         cstackBANK5  000587
xtoa@n                         cstackBANK5  00057F
xtoa@p                         cstackBANK5  00057B
xtoa@w                         cstackBANK5  00057D
xtoa@x                         cstackBANK5  00056E


MODULE INFORMATION

Module		Function		Class		Link	Load	Size
/opt/microchip/xc8/v2.32/pic/sources/c99/common/Umul64.c
		___omul        		CODE           	85E6	0000	138

/opt/microchip/xc8/v2.32/pic/sources/c99/common/Umul64.c estimated size: 138

/opt/microchip/xc8/v2.32/pic/sources/c99/common/Umul16.c
		___wmul        		CODE           	934C	0000	42

/opt/microchip/xc8/v2.32/pic/sources/c99/common/Umul16.c estimated size: 42

/opt/microchip/xc8/v2.32/pic/sources/c99/common/nf_fputs.c
		_fputs         		CODE           	919A	0000	56

/opt/microchip/xc8/v2.32/pic/sources/c99/common/nf_fputs.c estimated size: 56

/opt/microchip/xc8/v2.32/pic/sources/c99/common/nf_sscanf.c
		_sscanf        		CODE           	8FBE	0000	74

/opt/microchip/xc8/v2.32/pic/sources/c99/common/nf_sscanf.c estimated size: 74

/opt/microchip/xc8/v2.32/pic/sources/c99/common/isdigit.c
		_isdigit       		CODE           	9298	0000	48

/opt/microchip/xc8/v2.32/pic/sources/c99/common/isdigit.c estimated size: 48

/opt/microchip/xc8/v2.32/pic/sources/c99/common/aodiv.c
		___aodiv       		CODE           	7906	0000	328

/opt/microchip/xc8/v2.32/pic/sources/c99/common/aodiv.c estimated size: 328

/opt/microchip/xc8/v2.32/pic/sources/c99/common/printf.c
		_printf        		CODE           	9418	0000	38

/opt/microchip/xc8/v2.32/pic/sources/c99/common/printf.c estimated size: 38

/opt/microchip/xc8/v2.32/pic/sources/c99/common/nanf.c
		_nanf          		CODE           	9462	0000	34

/opt/microchip/xc8/v2.32/pic/sources/c99/common/nanf.c estimated size: 34

/opt/microchip/xc8/v2.32/pic/sources/c99/common/Umul32.c
		___lmul        		CODE           	8D90	0000	86

/opt/microchip/xc8/v2.32/pic/sources/c99/common/Umul32.c estimated size: 86

i2c.c
		_ina219_reg    		CODE           	8C60	0000	106
		_ina219_read   		CODE           	880E	0000	136
		_i2c_init      		CODE           	92F6	0000	44

i2c.c estimated size: 286

/opt/microchip/xc8/v2.32/pic/sources/c99/common/flneg.c
		___flneg       		CODE           	92C8	0000	46

/opt/microchip/xc8/v2.32/pic/sources/c99/common/flneg.c estimated size: 46

/opt/microchip/xc8/v2.32/pic/sources/c99/common/abs.c
		_abs           		CODE           	9206	0000	50

/opt/microchip/xc8/v2.32/pic/sources/c99/common/abs.c estimated size: 50

/opt/microchip/xc8/v2.32/pic/sources/c99/common/xxtofl.c
		___xxtofl      		CODE           	7A4E	0000	320

/opt/microchip/xc8/v2.32/pic/sources/c99/common/xxtofl.c estimated size: 320

/opt/microchip/xc8/v2.32/pic/sources/c99/common/atoi.c
		_atoi          		CODE           	6B2E	0000	454

/opt/microchip/xc8/v2.32/pic/sources/c99/common/atoi.c estimated size: 454

/opt/microchip/xc8/v2.32/pic/sources/c99/common/isxdigit.c
		_isxdigit      		CODE           	8D34	0000	92

/opt/microchip/xc8/v2.32/pic/sources/c99/common/isxdigit.c estimated size: 92

/opt/microchip/xc8/v2.32/pic/sources/c99/common/fleq.c
		___fleq        		CODE           	8670	0000	138

/opt/microchip/xc8/v2.32/pic/sources/c99/common/fleq.c estimated size: 138

/opt/microchip/xc8/v2.32/pic/sources/c99/common/nf_getc.c
		_fgetc         		CODE           	86FA	0000	138
		_ungetc        		CODE           	8A1C	0000	124

/opt/microchip/xc8/v2.32/pic/sources/c99/common/nf_getc.c estimated size: 262

/opt/microchip/xc8/v2.32/pic/sources/c99/common/__strtoxll.c
		___strtoxll    		CODE           	5752	0000	1020

/opt/microchip/xc8/v2.32/pic/sources/c99/common/__strtoxll.c estimated size: 1020

/opt/microchip/xc8/v2.32/pic/sources/c99/common/strtoull.c
		_strtoull      		CODE           	909A	0000	66

/opt/microchip/xc8/v2.32/pic/sources/c99/common/strtoull.c estimated size: 66

/opt/microchip/xc8/v2.32/pic/sources/c99/common/lomod.c
		___lomod       		CODE           	822C	0000	174

/opt/microchip/xc8/v2.32/pic/sources/c99/common/lomod.c estimated size: 174

/opt/microchip/xc8/v2.32/pic/sources/c99/common/strlen.c
		_strlen        		CODE           	9052	0000	72

/opt/microchip/xc8/v2.32/pic/sources/c99/common/strlen.c estimated size: 72

adc.c
		_adc_start     		CODE           	9514	0000	26
		_adc_wait      		CODE           	93A0	0000	40
		_adc_init      		CODE           	8E8C	0000	78

adc.c estimated size: 144

/opt/microchip/xc8/v2.32/pic/sources/c99/common/nf_fputc.c
		_fputc         		CODE           	82DA	0000	174

/opt/microchip/xc8/v2.32/pic/sources/c99/common/nf_fputc.c estimated size: 174

/opt/microchip/xc8/v2.32/pic/sources/c99/common/strchr.c
		_strchr        		CODE           	911E	0000	62

/opt/microchip/xc8/v2.32/pic/sources/c99/common/strchr.c estimated size: 62

/opt/microchip/xc8/v2.32/pic/sources/c99/common/isupper.c
		_isupper       		CODE           	9268	0000	48

/opt/microchip/xc8/v2.32/pic/sources/c99/common/isupper.c estimated size: 48

daq.c
		_daq_vdd       		CODE           	817A	0000	178
		_daq_vbemf     		CODE           	84C2	0000	154

daq.c estimated size: 332

interrupt.c
		_TMR2_isr      		CODE           	9578	0000	4
		_default_isr   		CODE           	9570	0000	4
		_IOC_isr       		CODE           	94C4	0000	28
		_U1RX_isr      		CODE           	8784	0000	138
		_TMR0_isr      		CODE           	9484	0000	34
		_PWM1_isr      		CODE           	7CB4	0000	276
		_TMR1_isr      		CODE           	9574	0000	4
		_interrupt_initialize		CODE           	943E	0000	36

interrupt.c estimated size: 524

shared
		i1_init_uart1  		CODE           	9376	0000	42
		i2_adc_wait    		CODE           	93F0	0000	40
		i2_adc_start   		CODE           	952E	0000	26
		i2_ina219_reg  		CODE           	8CCA	0000	106
		i2_ina219_read 		CODE           	8896	0000	136
		i2_adc_init    		CODE           	8EDA	0000	78
		__initialization		CODE           	8B12	0000	108

shared estimated size: 536

/opt/microchip/xc8/v2.32/pic/sources/c99/common/islower.c
		_islower       		CODE           	9238	0000	48

/opt/microchip/xc8/v2.32/pic/sources/c99/common/islower.c estimated size: 48

/opt/microchip/xc8/v2.32/pic/sources/c99/common/doprnt.c
		_vfpfcnvrt     		CODE           	46CE	0000	2768
		_pad           		CODE           	8388	0000	158
		_dtoa          		CODE           	64CA	0000	582
		_vfprintf      		CODE           	8B88	0000	110
		_stoa          		CODE           	77B8	0000	334
		_utoa          		CODE           	7054	0000	432
		_xtoa          		CODE           	6710	0000	562

/opt/microchip/xc8/v2.32/pic/sources/c99/common/doprnt.c estimated size: 4946

/opt/microchip/xc8/v2.32/pic/sources/c99/common/nf_sprintf.c
		_sprintf       		CODE           	8E3A	0000	82

/opt/microchip/xc8/v2.32/pic/sources/c99/common/nf_sprintf.c estimated size: 82

/opt/microchip/xc8/v2.32/pic/sources/c99/common/aomod.c
		___aomod       		CODE           	7B8E	0000	292

/opt/microchip/xc8/v2.32/pic/sources/c99/common/aomod.c estimated size: 292

/opt/microchip/xc8/v2.32/pic/sources/c99/common/toupper.c
		_toupper       		CODE           	9008	0000	74

/opt/microchip/xc8/v2.32/pic/sources/c99/common/toupper.c estimated size: 74

/opt/microchip/xc8/v2.32/pic/sources/c99/common/strtof.c
		_strtof        		CODE           	3932	0000	3484

/opt/microchip/xc8/v2.32/pic/sources/c99/common/strtof.c estimated size: 3484

/opt/microchip/xc8/v2.32/pic/sources/c99/common/isalpha.c
		_isalpha       		CODE           	91D2	0000	52

/opt/microchip/xc8/v2.32/pic/sources/c99/common/isalpha.c estimated size: 52

/opt/microchip/xc8/v2.32/pic/sources/c99/common/isspace.c
		_isspace       		CODE           	915C	0000	62

/opt/microchip/xc8/v2.32/pic/sources/c99/common/isspace.c estimated size: 62

/opt/microchip/xc8/v2.32/pic/sources/c99/common/lodiv.c
		___lodiv       		CODE           	80AC	0000	206

/opt/microchip/xc8/v2.32/pic/sources/c99/common/lodiv.c estimated size: 206

/opt/microchip/xc8/v2.32/pic/sources/c99/common/strtoll.c
		_strtoll       		CODE           	90DC	0000	66

/opt/microchip/xc8/v2.32/pic/sources/c99/common/strtoll.c estimated size: 66

/opt/microchip/xc8/v2.32/pic/sources/c99/common/tolower.c
		_tolower       		CODE           	8F28	0000	76

/opt/microchip/xc8/v2.32/pic/sources/c99/common/tolower.c estimated size: 76

/opt/microchip/xc8/v2.32/pic/sources/c99/common/strncmp.c
		_strncmp       		CODE           	7ED6	0000	262

/opt/microchip/xc8/v2.32/pic/sources/c99/common/strncmp.c estimated size: 262

init.c
		_init_ina219   		CODE           	957C	0000	2
		_init_system   		CODE           	8A98	0000	122
		_init_oscillator		CODE           	94A6	0000	28
		_init_pin_manager		CODE           	8BF6	0000	106
		_init_pwm1_16bit		CODE           	8F74	0000	74
		_init_uart1    		CODE           	9322	0000	42
		_init_timer0   		CODE           	94E0	0000	26
		_init_fvr      		CODE           	94FA	0000	26
		_init_pmd      		CODE           	9548	0000	24

init.c estimated size: 450

/opt/microchip/xc8/v2.32/pic/sources/c99/common/sprcmul.c
		___flmul       		CODE           	5EF2	0000	848

/opt/microchip/xc8/v2.32/pic/sources/c99/common/sprcmul.c estimated size: 848

main.c
		_putch         		CODE           	93C8	0000	40
		_cmd_interpreter		CODE           	519E	0000	1460
		_main          		CODE           	5B4E	0000	932
		_set_pwm       		CODE           	7204	0000	378
		_over_current  		CODE           	8DE6	0000	84

main.c estimated size: 2894

/opt/microchip/xc8/v2.32/pic/sources/c99/common/flge.c
		___flge        		CODE           	7FDC	0000	208

/opt/microchip/xc8/v2.32/pic/sources/c99/common/flge.c estimated size: 208

/opt/microchip/xc8/v2.32/pic/sources/c99/common/__lldiv.c
		___lldiv       		CODE           	891E	0000	130

/opt/microchip/xc8/v2.32/pic/sources/c99/common/__lldiv.c estimated size: 130

/opt/microchip/xc8/v2.32/pic/sources/c99/common/sprcdiv.c
		___fldiv       		CODE           	6242	0000	648

/opt/microchip/xc8/v2.32/pic/sources/c99/common/sprcdiv.c estimated size: 648

/opt/microchip/xc8/v2.32/pic/sources/c99/common/doscan.c
		_atoaefg       		CODE           	6942	0000	492
		_atos          		CODE           	7662	0000	342
		_vfsfcnvrt     		CODE           	08BE	0000	12404
		_atou          		CODE           	6CF4	0000	432
		_vfscanf       		CODE           	855C	0000	138
		_atox          		CODE           	74F2	0000	368
		_skipws        		CODE           	89A0	0000	124
		_atoc          		CODE           	7DC8	0000	270
		_atoo          		CODE           	737E	0000	372
		_atod          		CODE           	6EA4	0000	432

/opt/microchip/xc8/v2.32/pic/sources/c99/common/doscan.c estimated size: 15374

/opt/microchip/xc8/v2.32/pic/sources/c99/common/getch.c
		_getch         		CODE           	956A	0000	6

/opt/microchip/xc8/v2.32/pic/sources/c99/common/getch.c estimated size: 6

/opt/microchip/xc8/v2.32/pic/sources/c99/common/strstr.c
		_strstr        		CODE           	8426	0000	156

/opt/microchip/xc8/v2.32/pic/sources/c99/common/strstr.c estimated size: 156

