Microchip MPLAB XC8 Compiler V2.32

Linker command line:

-W-3 --edf=/opt/microchip/xc8/v2.32/pic/dat/en_msgs.txt -cn \
  -h+dist/default/production/Bootloader.X.production.sym \
  --cmf=dist/default/production/Bootloader.X.production.cmf -z -Q18F16Q41 \
  -o/tmp/xcXImekHe --defsym=__MPLAB_BUILD=1 \
  -Mdist/default/production/Bootloader.X.production.map -E1 \
  -ver=XC8 Compiler --acfsm=1493 -ASTACK=0560h-015FFh -pstack=STACK \
  -ACODE=00h-07FFh -ACONST=00h-07FFh -ACOMRAM=0501h-055Fh \
  -AABS1=0500h-015FFh -ABIGRAM=0501h-015FFh \
  -ARAM=0560h-05FFh,0600h-06FFhx16 -ABANK5=0560h-05FFh -ABANK6=0600h-06FFh \
  -ABANK7=0700h-07FFh -ABANK8=0800h-08FFh -ABANK9=0900h-09FFh \
  -ABANK10=0A00h-0AFFh -ABANK11=0B00h-0BFFh -ABANK12=0C00h-0CFFh \
  -ABANK13=0D00h-0DFFh -ABANK14=0E00h-0EFFh -ABANK15=0F00h-0FFFh \
  -ABANK16=01000h-010FFh -ABANK17=01100h-011FFh -ABANK18=01200h-012FFh \
  -ABANK19=01300h-013FFh -ABANK20=01400h-014FFh -ABANK21=01500h-015FFh \
  -ASFR=00h-0FFhx4,0400h-045Fh,0460h-04FFh -ACONFIG=0300000h-0300011h \
  -AIDLOC=0200000h-020001Fh -AEEDATA=0380000h-03803FFh -peeprom_data=EEDATA \
  -preset_vec=00h -ppowerup=CODE,init -pramtop=01600h -pconst=CONST \
  -AFARRAM=00h-00h \
  -prdata=COMRAM,nvrram=COMRAM,nvbit=COMRAM,rbss=COMRAM,rbit=COMRAM \
  -pfarbss=FARRAM,fardata=FARRAM,nvFARRAM=FARRAM \
  -pintsave_regs=BIGRAM,bigbss=BIGRAM,bigdata=BIGRAM -pbss=RAM \
  -pidata=CODE,irdata=CODE,ibigdata=CODE,ifardata=CODE -prparam=COMRAM \
  /tmp/xcXOaMOhh.o dist/default/production/Bootloader.X.production.o 

Object code version is 3.11

Machine type is 18F16Q41



                Name                               Link     Load   Length Selector   Space Scale
/tmp/xcXOaMOhh.o
                init                                7FC      7FC        4      3FE       0
                reset_vec                             0        0        4        0       0
dist/default/production/Bootloader.X.production.o
                text8                               2E6      2E6       1C      173       0
                text7                               2C2      2C2        6      161       0
                text6                               302      302       1C      181       0
                text5                               346      346       2A      1A3       0
                text4                               370      370       84      1B8       0
                text3                               31E      31E       28      18F       0
                text2                               2D2      2D2       14      169       0
                text1                               3F4      3F4       98      1FA       0
                text0                               48C      48C      370      246       0
                cstackCOMRAM                        532      532       1C      501       1
                bssCOMRAM                           501      501       31      501       1
                cinit                               2C8      2C8        A      164       0

TOTAL           Name                               Link     Load   Length     Space
        CLASS   STACK          

        CLASS   CODE           
                init                                7FC      7FC        4         0
                reset_vec                             0        0        4         0
                text8                               2E6      2E6       1C         0
                text7                               2C2      2C2        6         0
                text6                               302      302       1C         0
                text5                               346      346       2A         0
                text4                               370      370       84         0
                text3                               31E      31E       28         0
                text2                               2D2      2D2       14         0
                text1                               3F4      3F4       98         0
                text0                               48C      48C      370         0
                cinit                               2C8      2C8        A         0

        CLASS   CONST          

        CLASS   COMRAM         
                cstackCOMRAM                        532      532       1C         1
                bssCOMRAM                           501      501       31         1

        CLASS   ABS1           

        CLASS   BIGRAM         

        CLASS   RAM            

        CLASS   BANK5          

        CLASS   BANK6          

        CLASS   BANK7          

        CLASS   BANK8          

        CLASS   BANK9          

        CLASS   BANK10         

        CLASS   BANK11         

        CLASS   BANK12         

        CLASS   BANK13         

        CLASS   BANK14         

        CLASS   BANK15         

        CLASS   BANK16         

        CLASS   BANK17         

        CLASS   BANK18         

        CLASS   BANK19         

        CLASS   BANK20         

        CLASS   BANK21         

        CLASS   SFR            

        CLASS   CONFIG         

        CLASS   IDLOC          

        CLASS   EEDATA         

        CLASS   FARRAM         

        CLASS   MEDIUMCONST    

        CLASS   SMALLCONST     



SEGMENTS        Name                           Load    Length   Top    Selector   Space  Class

                text4                          000370  000084  0003F4       1B8       0  CODE    
                text1                          0003F4  000098  00048C       1FA       0  CODE    
                text0                          00048C  000370  0007FC       246       0  CODE    
                text5                          000346  00002A  000370       1A3       0  CODE    
                text8                          0002E6  00001C  000302       173       0  CODE    
                text6                          000302  00001C  00031E       181       0  CODE    
                text3                          00031E  000028  000346       18F       0  CODE    
                cinit                          0002C8  00000A  0002D2       164       0  CODE    
                reset_vec                      000000  000004  000004         0       0  CODE    
                text7                          0002C2  000006  0002C8       161       0  CODE    
                text2                          0002D2  000014  0002E6       169       0  CODE    
                bssCOMRAM                      000501  00004D  00054E       501       1  COMRAM  
                init                           0007FC  000004  000800       3FE       0  CODE    


UNUSED ADDRESS RANGES

        Name                Unused          Largest block    Delta
        BANK10           0A00-0AFF            100
        BANK11           0B00-0BFF            100
        BANK12           0C00-0CFF            100
        BANK13           0D00-0DFF            100
        BANK14           0E00-0EFF            100
        BANK15           0F00-0FFF            100
        BANK16           1000-10FF            100
        BANK17           1100-11FF            100
        BANK18           1200-12FF            100
        BANK19           1300-13FF            100
        BANK20           1400-14FF            100
        BANK21           1500-15FF            100
        BANK5            0560-05FF             A0
        BANK6            0600-06FF            100
        BANK7            0700-07FF            100
        BANK8            0800-08FF            100
        BANK9            0900-09FF            100
        BIGRAM           054E-15FF           10B2
        CODE             0004-02C1            2BE
        COMRAM           054E-055F             12
        CONFIG           300000-300011             12
        CONST            0004-02C1            2BE
        EEDATA           380000-3803FF            400
        IDLOC            200000-20001F             20
        RAM              0560-15FF            100
        SFR              0000-04FF            100
        STACK            0560-15FF           10A0

                                  Symbol Table

_ACTCON                   (abs)        00AC
_ANSELCbits               (abs)        0410
_BSR                      (abs)        04E0
_INTCON0bits              (abs)        04D6
_LATAbits                 (abs)        04BE
_NVMADR                   (abs)        0043
_NVMCON0bits              (abs)        0040
_NVMCON1bits              (abs)        0041
_NVMDAT                   (abs)        0046
_NVMDATL                  (abs)        0046
_NVMLOCK                  (abs)        0042
_OSCCON1                  (abs)        00AD
_OSCCON3                  (abs)        00AF
_OSCEN                    (abs)        00B3
_OSCFRQ                   (abs)        00B1
_OSCTUNE                  (abs)        00B0
_PIR4bits                 (abs)        04B7
_PMD0                     (abs)        0063
_PMD1                     (abs)        0064
_PMD2                     (abs)        0065
_PMD3                     (abs)        0066
_PMD4                     (abs)        0067
_PMD5                     (abs)        0068
_RB5PPS                   (abs)        020E
_STKPTR                   (abs)        04FC
_TRISAbits                (abs)        04C6
_TRISCbits                (abs)        04C8
_U1BRG                    (abs)        02AE
_U1CON0                   (abs)        02AB
_U1CON1bits               (abs)        02AC
_U1CON2                   (abs)        02AD
_U1CON2bits               (abs)        02AD
_U1ERRIRbits              (abs)        02B2
_U1RXB                    (abs)        02A1
_U1RXPPS                  (abs)        0272
_U1TXB                    (abs)        02A3
__HRAM                    (abs)        0000
__Habs1                   abs1         0000
__Hbank10                 bank10       0000
__Hbank11                 bank11       0000
__Hbank12                 bank12       0000
__Hbank13                 bank13       0000
__Hbank14                 bank14       0000
__Hbank15                 bank15       0000
__Hbank16                 bank16       0000
__Hbank17                 bank17       0000
__Hbank18                 bank18       0000
__Hbank19                 bank19       0000
__Hbank20                 bank20       0000
__Hbank21                 bank21       0000
__Hbank5                  bank5        0000
__Hbank6                  bank6        0000
__Hbank7                  bank7        0000
__Hbank8                  bank8        0000
__Hbank9                  bank9        0000
__Hbigbss                 bigbss       0000
__Hbigdata                bigdata      0000
__Hbigram                 bigram       0000
__Hbss                    bss          0000
__HbssCOMRAM              bssCOMRAM    0000
__Hcinit                  cinit        0000
__Hclrtext                clrtext      0000
__Hcomram                 comram       0000
__Hconfig                 config       0000
__Hconst                  const        0000
__HcstackCOMRAM           cstackCOMRAM 0000
__Hdata                   data         0000
__Heeprom_data            eeprom_data  0000
__Hfarbss                 farbss       0000
__Hfardata                fardata      0000
__Hibigdata               ibigdata     0000
__Hidata                  idata        0000
__Hidloc                  idloc        0000
__Hifardata               ifardata     0000
__Hinit                   init         0800
__Hintsave_regs           intsave_regs 0000
__Hirdata                 irdata       0000
__Hmediumconst            mediumconst  0000
__HnvFARRAM               nvFARRAM     0000
__Hnvbit                  nvbit        0000
__Hnvrram                 nvrram       0000
__Hparam                  rparam       0000
__Hpowerup                powerup      0000
__Hram                    ram          0000
__Hramtop                 ramtop       1600
__Hrbit                   rbit         0000
__Hrbss                   rbss         0000
__Hrdata                  rdata        0000
__Hreset_vec              reset_vec    0004
__Hrparam                 rparam       0000
__Hsfr                    sfr          0000
__Hsmallconst             smallconst   0000
__Hspace_0                (abs)        1600
__Hspace_1                (abs)        054E
__Hspace_2                (abs)        0000
__Hspace_4                (abs)        0000
__Hstack                  stack        0000
__Hstruct                 struct       0000
__Htemp                   temp         0000
__Htext                   text         0000
__Htext0                  text0        0000
__Htext1                  text1        0000
__Htext2                  text2        0000
__Htext3                  text3        0000
__Htext4                  text4        0000
__Htext5                  text5        0000
__Htext6                  text6        0000
__Htext7                  text7        0000
__Htext8                  text8        0000
__LRAM                    (abs)        0001
__Labs1                   abs1         0000
__Lbank10                 bank10       0000
__Lbank11                 bank11       0000
__Lbank12                 bank12       0000
__Lbank13                 bank13       0000
__Lbank14                 bank14       0000
__Lbank15                 bank15       0000
__Lbank16                 bank16       0000
__Lbank17                 bank17       0000
__Lbank18                 bank18       0000
__Lbank19                 bank19       0000
__Lbank20                 bank20       0000
__Lbank21                 bank21       0000
__Lbank5                  bank5        0000
__Lbank6                  bank6        0000
__Lbank7                  bank7        0000
__Lbank8                  bank8        0000
__Lbank9                  bank9        0000
__Lbigbss                 bigbss       0000
__Lbigdata                bigdata      0000
__Lbigram                 bigram       0000
__Lbss                    bss          0000
__LbssCOMRAM              bssCOMRAM    0000
__Lcinit                  cinit        0000
__Lclrtext                clrtext      0000
__Lcomram                 comram       0000
__Lconfig                 config       0000
__Lconst                  const        0000
__LcstackCOMRAM           cstackCOMRAM 0000
__Ldata                   data         0000
__Leeprom_data            eeprom_data  0000
__Lfarbss                 farbss       0000
__Lfardata                fardata      0000
__Libigdata               ibigdata     0000
__Lidata                  idata        0000
__Lidloc                  idloc        0000
__Lifardata               ifardata     0000
__Linit                   init         07FC
__Lintsave_regs           intsave_regs 0000
__Lirdata                 irdata       0000
__Lmediumconst            mediumconst  0000
__LnvFARRAM               nvFARRAM     0000
__Lnvbit                  nvbit        0000
__Lnvrram                 nvrram       0000
__Lparam                  rparam       0000
__Lpowerup                powerup      0000
__Lram                    ram          0000
__Lramtop                 ramtop       1600
__Lrbit                   rbit         0000
__Lrbss                   rbss         0000
__Lrdata                  rdata        0000
__Lreset_vec              reset_vec    0000
__Lrparam                 rparam       0000
__Lsfr                    sfr          0000
__Lsmallconst             smallconst   0000
__Lspace_0                (abs)        0000
__Lspace_1                (abs)        0000
__Lspace_2                (abs)        0000
__Lspace_4                (abs)        0000
__Lstack                  stack        0000
__Lstruct                 struct       0000
__Ltemp                   temp         0000
__Ltext                   text         0000
__Ltext0                  text0        0000
__Ltext1                  text1        0000
__Ltext2                  text2        0000
__Ltext3                  text3        0000
__Ltext4                  text4        0000
__Ltext5                  text5        0000
__Ltext6                  text6        0000
__Ltext7                  text7        0000
__Ltext8                  text8        0000
__S0                      (abs)        0800
__S1                      (abs)        054E
__S2                      (abs)        0000
__S4                      (abs)        0000
__S5                      (abs)        0000
___inthi_sp               stack        0000
___intlo_sp               stack        0000
___param_bank             (abs)        0000
___rparam_used            (abs)        0001
___sp                     stack        0000
__accesstop               (abs)        0560
__activetblptr            (abs)        0002
__end_of__initialization  cinit        02C8
__end_of_init_bootloader  text4        03F4
__end_of_init_osc         text8        0302
__end_of_init_pins        text7        02C8
__end_of_init_pmd         text6        031E
__end_of_init_uart1       text5        0370
__end_of_main             text0        07FC
__end_of_putch            text3        0346
__end_of_u8tox            text2        02E6
__end_of_xtou8            text1        048C
__initialization          cinit        02C8
__pbssCOMRAM              bssCOMRAM    0501
__pcinit                  cinit        02C8
__pcstackCOMRAM           cstackCOMRAM 0532
__ptext0                  text0        048C
__ptext1                  text1        03F4
__ptext2                  text2        02D2
__ptext3                  text3        031E
__ptext4                  text4        0370
__ptext5                  text5        0346
__ptext6                  text6        0302
__ptext7                  text7        02C2
__ptext8                  text8        02E6
__ramtop                  ramtop       1600
__size_of_init_bootloader (abs)        0000
__size_of_init_osc        (abs)        0000
__size_of_init_pins       (abs)        0000
__size_of_init_pmd        (abs)        0000
__size_of_init_uart1      (abs)        0000
__size_of_main            (abs)        0000
__size_of_putch           (abs)        0000
__size_of_u8tox           (abs)        0000
__size_of_xtou8           (abs)        0000
_bufferRamPtr             bssCOMRAM    0501
_init_bootloader          text4        0370
_init_osc                 text8        02E6
_init_pins                text7        02C2
_init_pmd                 text6        0302
_init_uart1               text5        0346
_main                     text0        048C
_procID                   bssCOMRAM    0503
_putch                    text3        031E
_record                   bssCOMRAM    0505
_u8tox                    text2        02D2
_xtou8                    text1        03F4
end_of_initialization     cinit        02C8
intlevel0                 text         0000
intlevel1                 text         0000
intlevel2                 text         0000
intlevel3                 text         0000
isa$std                   (abs)        0001
isa$xinst                 (abs)        0000
main@address              cstackCOMRAM 054B
main@bufPtr               cstackCOMRAM 053B
main@ch                   cstackCOMRAM 054A
main@cs                   cstackCOMRAM 0540
main@data                 cstackCOMRAM 053D
main@eof                  cstackCOMRAM 053F
main@eol                  cstackCOMRAM 0543
main@i                    cstackCOMRAM 0547
main@i_542                cstackCOMRAM 0548
main@index                cstackCOMRAM 054D
main@k                    cstackCOMRAM 0549
main@length               cstackCOMRAM 0546
main@offset               cstackCOMRAM 0542
main@timeout              cstackCOMRAM 0544
main@timeout_546          cstackCOMRAM 0545
main@type                 cstackCOMRAM 0541
putch@data                cstackCOMRAM 0532
putch@timeout             cstackCOMRAM 0533
stackhi                   (abs)        15FF
stacklo                   (abs)        0560
start                     init         07FC
start_initialization      cinit        02C8
u8tox@n                   cstackCOMRAM 0532
xtou8@c                   cstackCOMRAM 0535
xtou8@i                   cstackCOMRAM 0534
xtou8@p                   cstackCOMRAM 0532


MODULE INFORMATION

Module		Function		Class		Link	Load	Size
shared
		__initialization		CODE           	02C8	0000	1

shared estimated size: 1

init.c
		_init_bootloader		CODE           	0370	0000	132
		_init_pins     		CODE           	02C2	0000	6
		_init_uart1    		CODE           	0346	0000	42
		_init_osc      		CODE           	02E6	0000	28
		_init_pmd      		CODE           	0302	0000	28

init.c estimated size: 236

main.c
		_putch         		CODE           	031E	0000	40
		_main          		CODE           	048C	0000	880
		_xtou8         		CODE           	03F4	0000	152
		_u8tox         		CODE           	02D2	0000	20

main.c estimated size: 1092

