Microchip MPLAB XC8 Compiler V2.32

Linker command line:

-W-3 --edf=/opt/microchip/xc8/v2.32/pic/dat/en_msgs.txt -cn \
  -h+dist/default/production/Bootloader.X.production.sym \
  --cmf=dist/default/production/Bootloader.X.production.cmf -z -Q18F16Q41 \
  -o/tmp/xcXlcDoJJ --defsym=__MPLAB_BUILD=1 \
  -Mdist/default/production/Bootloader.X.production.map -E1 \
  -ver=XC8 Compiler --acfsm=1493 -ASTACK=0560h-015FFh -pstack=STACK \
  -ACODE=00h-07FFh -ACONST=00h-07FFh -ACOMRAM=0501h-055Fh \
  -AABS1=0500h-015FFh -ABIGRAM=0501h-015FFh \
  -ARAM=0560h-05FFh,0600h-06FFhx16 -ABANK5=0560h-05FFh -ABANK6=0600h-06FFh \
  -ABANK7=0700h-07FFh -ABANK8=0800h-08FFh -ABANK9=0900h-09FFh \
  -ABANK10=0A00h-0AFFh -ABANK11=0B00h-0BFFh -ABANK12=0C00h-0CFFh \
  -ABANK13=0D00h-0DFFh -ABANK14=0E00h-0EFFh -ABANK15=0F00h-0FFFh \
  -ABANK16=01000h-010FFh -ABANK17=01100h-011FFh -ABANK18=01200h-012FFh \
  -ABANK19=01300h-013FFh -ABANK20=01400h-014FFh -ABANK21=01500h-015FFh \
  -ASFR=00h-0FFhx4,0400h-045Fh,0460h-04FFh -ACONFIG=0300000h-0300011h \
  -AIDLOC=0200000h-020001Fh -AEEDATA=0380000h-03803FFh -peeprom_data=EEDATA \
  -preset_vec=00h -ppowerup=CODE,init -pramtop=01600h -pconst=CONST \
  -AFARRAM=00h-00h \
  -prdata=COMRAM,nvrram=COMRAM,nvbit=COMRAM,rbss=COMRAM,rbit=COMRAM \
  -pfarbss=FARRAM,fardata=FARRAM,nvFARRAM=FARRAM \
  -pintsave_regs=BIGRAM,bigbss=BIGRAM,bigdata=BIGRAM -pbss=RAM \
  -pidata=CODE,irdata=CODE,ibigdata=CODE,ifardata=CODE -prparam=COMRAM \
  /tmp/xcXDMObNn.o dist/default/production/Bootloader.X.production.o 

Object code version is 3.11

Machine type is 18F16Q41



                Name                               Link     Load   Length Selector   Space Scale
/tmp/xcXDMObNn.o
                init                                7FC      7FC        4      3FE       0
                reset_vec                             0        0        4        0       0
dist/default/production/Bootloader.X.production.o
                text8                               2FC      2FC       1C      17E       0
                text7                               2D8      2D8        6      16C       0
                text6                               318      318       1C      18C       0
                text5                               35C      35C       2A      1AE       0
                text4                               386      386       84      1C3       0
                text3                               334      334       28      19A       0
                text2                               2E8      2E8       14      174       0
                text1                               40A      40A       98      205       0
                text0                               4A2      4A2      35A      251       0
                cstackCOMRAM                        532      532       1A      501       1
                bssCOMRAM                           501      501       31      501       1
                cinit                               2DE      2DE        A      16F       0

TOTAL           Name                               Link     Load   Length     Space
        CLASS   STACK          

        CLASS   CODE           
                init                                7FC      7FC        4         0
                reset_vec                             0        0        4         0
                text8                               2FC      2FC       1C         0
                text7                               2D8      2D8        6         0
                text6                               318      318       1C         0
                text5                               35C      35C       2A         0
                text4                               386      386       84         0
                text3                               334      334       28         0
                text2                               2E8      2E8       14         0
                text1                               40A      40A       98         0
                text0                               4A2      4A2      35A         0
                cinit                               2DE      2DE        A         0

        CLASS   CONST          

        CLASS   COMRAM         
                cstackCOMRAM                        532      532       1A         1
                bssCOMRAM                           501      501       31         1

        CLASS   ABS1           

        CLASS   BIGRAM         

        CLASS   RAM            

        CLASS   BANK5          

        CLASS   BANK6          

        CLASS   BANK7          

        CLASS   BANK8          

        CLASS   BANK9          

        CLASS   BANK10         

        CLASS   BANK11         

        CLASS   BANK12         

        CLASS   BANK13         

        CLASS   BANK14         

        CLASS   BANK15         

        CLASS   BANK16         

        CLASS   BANK17         

        CLASS   BANK18         

        CLASS   BANK19         

        CLASS   BANK20         

        CLASS   BANK21         

        CLASS   SFR            

        CLASS   CONFIG         

        CLASS   IDLOC          

        CLASS   EEDATA         

        CLASS   FARRAM         

        CLASS   MEDIUMCONST    

        CLASS   SMALLCONST     



SEGMENTS        Name                           Load    Length   Top    Selector   Space  Class

                text4                          000386  000084  00040A       1C3       0  CODE    
                text1                          00040A  000098  0004A2       205       0  CODE    
                text0                          0004A2  00035A  0007FC       251       0  CODE    
                text5                          00035C  00002A  000386       1AE       0  CODE    
                text8                          0002FC  00001C  000318       17E       0  CODE    
                text6                          000318  00001C  000334       18C       0  CODE    
                text3                          000334  000028  00035C       19A       0  CODE    
                cinit                          0002DE  00000A  0002E8       16F       0  CODE    
                reset_vec                      000000  000004  000004         0       0  CODE    
                text7                          0002D8  000006  0002DE       16C       0  CODE    
                text2                          0002E8  000014  0002FC       174       0  CODE    
                bssCOMRAM                      000501  00004B  00054C       501       1  COMRAM  
                init                           0007FC  000004  000800       3FE       0  CODE    


UNUSED ADDRESS RANGES

        Name                Unused          Largest block    Delta
        BANK10           0A00-0AFF            100
        BANK11           0B00-0BFF            100
        BANK12           0C00-0CFF            100
        BANK13           0D00-0DFF            100
        BANK14           0E00-0EFF            100
        BANK15           0F00-0FFF            100
        BANK16           1000-10FF            100
        BANK17           1100-11FF            100
        BANK18           1200-12FF            100
        BANK19           1300-13FF            100
        BANK20           1400-14FF            100
        BANK21           1500-15FF            100
        BANK5            0560-05FF             A0
        BANK6            0600-06FF            100
        BANK7            0700-07FF            100
        BANK8            0800-08FF            100
        BANK9            0900-09FF            100
        BIGRAM           054C-15FF           10B4
        CODE             0004-02D7            2D4
        COMRAM           054C-055F             14
        CONFIG           300000-300011             12
        CONST            0004-02D7            2D4
        EEDATA           380000-3803FF            400
        IDLOC            200000-20001F             20
        RAM              0560-15FF            100
        SFR              0000-04FF            100
        STACK            0560-15FF           10A0

                                  Symbol Table

_ACTCON                   (abs)        00AC
_ANSELCbits               (abs)        0410
_BSR                      (abs)        04E0
_INTCON0bits              (abs)        04D6
_LATAbits                 (abs)        04BE
_NVMADR                   (abs)        0043
_NVMCON0bits              (abs)        0040
_NVMCON1bits              (abs)        0041
_NVMDAT                   (abs)        0046
_NVMDATL                  (abs)        0046
_NVMLOCK                  (abs)        0042
_OSCCON1                  (abs)        00AD
_OSCCON3                  (abs)        00AF
_OSCEN                    (abs)        00B3
_OSCFRQ                   (abs)        00B1
_OSCTUNE                  (abs)        00B0
_PIR4bits                 (abs)        04B7
_PMD0                     (abs)        0063
_PMD1                     (abs)        0064
_PMD2                     (abs)        0065
_PMD3                     (abs)        0066
_PMD4                     (abs)        0067
_PMD5                     (abs)        0068
_RB5PPS                   (abs)        020E
_STKPTR                   (abs)        04FC
_TRISAbits                (abs)        04C6
_TRISCbits                (abs)        04C8
_U1BRG                    (abs)        02AE
_U1CON0                   (abs)        02AB
_U1CON1bits               (abs)        02AC
_U1CON2                   (abs)        02AD
_U1CON2bits               (abs)        02AD
_U1ERRIRbits              (abs)        02B2
_U1RXB                    (abs)        02A1
_U1RXPPS                  (abs)        0272
_U1TXB                    (abs)        02A3
__HRAM                    (abs)        0000
__Habs1                   abs1         0000
__Hbank10                 bank10       0000
__Hbank11                 bank11       0000
__Hbank12                 bank12       0000
__Hbank13                 bank13       0000
__Hbank14                 bank14       0000
__Hbank15                 bank15       0000
__Hbank16                 bank16       0000
__Hbank17                 bank17       0000
__Hbank18                 bank18       0000
__Hbank19                 bank19       0000
__Hbank20                 bank20       0000
__Hbank21                 bank21       0000
__Hbank5                  bank5        0000
__Hbank6                  bank6        0000
__Hbank7                  bank7        0000
__Hbank8                  bank8        0000
__Hbank9                  bank9        0000
__Hbigbss                 bigbss       0000
__Hbigdata                bigdata      0000
__Hbigram                 bigram       0000
__Hbss                    bss          0000
__HbssCOMRAM              bssCOMRAM    0000
__Hcinit                  cinit        0000
__Hclrtext                clrtext      0000
__Hcomram                 comram       0000
__Hconfig                 config       0000
__Hconst                  const        0000
__HcstackCOMRAM           cstackCOMRAM 0000
__Hdata                   data         0000
__Heeprom_data            eeprom_data  0000
__Hfarbss                 farbss       0000
__Hfardata                fardata      0000
__Hibigdata               ibigdata     0000
__Hidata                  idata        0000
__Hidloc                  idloc        0000
__Hifardata               ifardata     0000
__Hinit                   init         0800
__Hintsave_regs           intsave_regs 0000
__Hirdata                 irdata       0000
__Hmediumconst            mediumconst  0000
__HnvFARRAM               nvFARRAM     0000
__Hnvbit                  nvbit        0000
__Hnvrram                 nvrram       0000
__Hparam                  rparam       0000
__Hpowerup                powerup      0000
__Hram                    ram          0000
__Hramtop                 ramtop       1600
__Hrbit                   rbit         0000
__Hrbss                   rbss         0000
__Hrdata                  rdata        0000
__Hreset_vec              reset_vec    0004
__Hrparam                 rparam       0000
__Hsfr                    sfr          0000
__Hsmallconst             smallconst   0000
__Hspace_0                (abs)        1600
__Hspace_1                (abs)        054C
__Hspace_2                (abs)        0000
__Hspace_4                (abs)        0000
__Hstack                  stack        0000
__Hstruct                 struct       0000
__Htemp                   temp         0000
__Htext                   text         0000
__Htext0                  text0        0000
__Htext1                  text1        0000
__Htext2                  text2        0000
__Htext3                  text3        0000
__Htext4                  text4        0000
__Htext5                  text5        0000
__Htext6                  text6        0000
__Htext7                  text7        0000
__Htext8                  text8        0000
__LRAM                    (abs)        0001
__Labs1                   abs1         0000
__Lbank10                 bank10       0000
__Lbank11                 bank11       0000
__Lbank12                 bank12       0000
__Lbank13                 bank13       0000
__Lbank14                 bank14       0000
__Lbank15                 bank15       0000
__Lbank16                 bank16       0000
__Lbank17                 bank17       0000
__Lbank18                 bank18       0000
__Lbank19                 bank19       0000
__Lbank20                 bank20       0000
__Lbank21                 bank21       0000
__Lbank5                  bank5        0000
__Lbank6                  bank6        0000
__Lbank7                  bank7        0000
__Lbank8                  bank8        0000
__Lbank9                  bank9        0000
__Lbigbss                 bigbss       0000
__Lbigdata                bigdata      0000
__Lbigram                 bigram       0000
__Lbss                    bss          0000
__LbssCOMRAM              bssCOMRAM    0000
__Lcinit                  cinit        0000
__Lclrtext                clrtext      0000
__Lcomram                 comram       0000
__Lconfig                 config       0000
__Lconst                  const        0000
__LcstackCOMRAM           cstackCOMRAM 0000
__Ldata                   data         0000
__Leeprom_data            eeprom_data  0000
__Lfarbss                 farbss       0000
__Lfardata                fardata      0000
__Libigdata               ibigdata     0000
__Lidata                  idata        0000
__Lidloc                  idloc        0000
__Lifardata               ifardata     0000
__Linit                   init         07FC
__Lintsave_regs           intsave_regs 0000
__Lirdata                 irdata       0000
__Lmediumconst            mediumconst  0000
__LnvFARRAM               nvFARRAM     0000
__Lnvbit                  nvbit        0000
__Lnvrram                 nvrram       0000
__Lparam                  rparam       0000
__Lpowerup                powerup      0000
__Lram                    ram          0000
__Lramtop                 ramtop       1600
__Lrbit                   rbit         0000
__Lrbss                   rbss         0000
__Lrdata                  rdata        0000
__Lreset_vec              reset_vec    0000
__Lrparam                 rparam       0000
__Lsfr                    sfr          0000
__Lsmallconst             smallconst   0000
__Lspace_0                (abs)        0000
__Lspace_1                (abs)        0000
__Lspace_2                (abs)        0000
__Lspace_4                (abs)        0000
__Lstack                  stack        0000
__Lstruct                 struct       0000
__Ltemp                   temp         0000
__Ltext                   text         0000
__Ltext0                  text0        0000
__Ltext1                  text1        0000
__Ltext2                  text2        0000
__Ltext3                  text3        0000
__Ltext4                  text4        0000
__Ltext5                  text5        0000
__Ltext6                  text6        0000
__Ltext7                  text7        0000
__Ltext8                  text8        0000
__S0                      (abs)        0800
__S1                      (abs)        054C
__S2                      (abs)        0000
__S4                      (abs)        0000
__S5                      (abs)        0000
___inthi_sp               stack        0000
___intlo_sp               stack        0000
___param_bank             (abs)        0000
___rparam_used            (abs)        0001
___sp                     stack        0000
__accesstop               (abs)        0560
__activetblptr            (abs)        0002
__end_of__initialization  cinit        02DE
__end_of_init_bootloader  text4        040A
__end_of_init_osc         text8        0318
__end_of_init_pins        text7        02DE
__end_of_init_pmd         text6        0334
__end_of_init_uart1       text5        0386
__end_of_main             text0        07FC
__end_of_putch            text3        035C
__end_of_u8tox            text2        02FC
__end_of_xtou8            text1        04A2
__initialization          cinit        02DE
__pbssCOMRAM              bssCOMRAM    0501
__pcinit                  cinit        02DE
__pcstackCOMRAM           cstackCOMRAM 0532
__ptext0                  text0        04A2
__ptext1                  text1        040A
__ptext2                  text2        02E8
__ptext3                  text3        0334
__ptext4                  text4        0386
__ptext5                  text5        035C
__ptext6                  text6        0318
__ptext7                  text7        02D8
__ptext8                  text8        02FC
__ramtop                  ramtop       1600
__size_of_init_bootloader (abs)        0000
__size_of_init_osc        (abs)        0000
__size_of_init_pins       (abs)        0000
__size_of_init_pmd        (abs)        0000
__size_of_init_uart1      (abs)        0000
__size_of_main            (abs)        0000
__size_of_putch           (abs)        0000
__size_of_u8tox           (abs)        0000
__size_of_xtou8           (abs)        0000
_bufferRamPtr             bssCOMRAM    0501
_init_bootloader          text4        0386
_init_osc                 text8        02FC
_init_pins                text7        02D8
_init_pmd                 text6        0318
_init_uart1               text5        035C
_main                     text0        04A2
_procID                   bssCOMRAM    0503
_putch                    text3        0334
_record                   bssCOMRAM    0505
_u8tox                    text2        02E8
_xtou8                    text1        040A
end_of_initialization     cinit        02DE
intlevel0                 text         0000
intlevel1                 text         0000
intlevel2                 text         0000
intlevel3                 text         0000
isa$std                   (abs)        0001
isa$xinst                 (abs)        0000
main@address              cstackCOMRAM 0549
main@bufPtr               cstackCOMRAM 0539
main@ch                   cstackCOMRAM 0548
main@cs                   cstackCOMRAM 053E
main@data                 cstackCOMRAM 053B
main@eof                  cstackCOMRAM 053D
main@eol                  cstackCOMRAM 0541
main@i                    cstackCOMRAM 0545
main@i_542                cstackCOMRAM 0546
main@index                cstackCOMRAM 054B
main@k                    cstackCOMRAM 0547
main@length               cstackCOMRAM 0544
main@offset               cstackCOMRAM 0540
main@timeout              cstackCOMRAM 0542
main@timeout_546          cstackCOMRAM 0543
main@type                 cstackCOMRAM 053F
putch@data                cstackCOMRAM 0532
putch@timeout             cstackCOMRAM 0533
stackhi                   (abs)        15FF
stacklo                   (abs)        0560
start                     init         07FC
start_initialization      cinit        02DE
u8tox@n                   cstackCOMRAM 0532
xtou8@c                   cstackCOMRAM 0535
xtou8@i                   cstackCOMRAM 0534
xtou8@p                   cstackCOMRAM 0532


MODULE INFORMATION

Module		Function		Class		Link	Load	Size
shared
		__initialization		CODE           	02DE	0000	1

shared estimated size: 1

init.c
		_init_bootloader		CODE           	0386	0000	132
		_init_pins     		CODE           	02D8	0000	6
		_init_uart1    		CODE           	035C	0000	42
		_init_osc      		CODE           	02FC	0000	28
		_init_pmd      		CODE           	0318	0000	28

init.c estimated size: 236

main.c
		_putch         		CODE           	0334	0000	40
		_main          		CODE           	04A2	0000	858
		_xtou8         		CODE           	040A	0000	152
		_u8tox         		CODE           	02E8	0000	20

main.c estimated size: 1070

